../Core/Src/MCAL/MEXTI/MEXTI_Prog.c:39:6:MEXTI_vHWInterruptEnable	16	static
../Core/Src/MCAL/MEXTI/MEXTI_Prog.c:51:6:MEXTI_vHWInterruptDisable	16	static
../Core/Src/MCAL/MEXTI/MEXTI_Prog.c:63:6:MEXTI_vHWEventEnable	16	static
../Core/Src/MCAL/MEXTI/MEXTI_Prog.c:75:6:MEXTI_vHWEventDisable	16	static
../Core/Src/MCAL/MEXTI/MEXTI_Prog.c:87:6:MEXTI_vSoftwareInterrupt	16	static
../Core/Src/MCAL/MEXTI/MEXTI_Prog.c:99:6:MEXTI_vSetTriggerType	16	static
../Core/Src/MCAL/MEXTI/MEXTI_Prog.c:125:6:MEXTI_vSetExtiConfig	24	static
../Core/Src/MCAL/MEXTI/MEXTI_Prog.c:230:6:MEXTI_vSetCallback	16	static
../Core/Src/MCAL/MEXTI/MEXTI_Prog.c:243:6:EXTI0_IRQHandler	8	static
../Core/Src/MCAL/MEXTI/MEXTI_Prog.c:248:6:EXTI1_IRQHandler	8	static
