Archive member included to satisfy reference by file (symbol)

C:/ST/STM32CubeIDE_1.13.1/STM32CubeIDE/plugins/com.st.stm32cube.ide.mcu.externaltools.gnu-tools-for-stm32.11.3.rel1.win32_1.1.0.202305231506/tools/bin/../lib/gcc/arm-none-eabi/11.3.1/../../../../arm-none-eabi/lib/thumb/v7e-m+fp/hard\libc_nano.a(libc_a-exit.o)
                              C:/ST/STM32CubeIDE_1.13.1/STM32CubeIDE/plugins/com.st.stm32cube.ide.mcu.externaltools.gnu-tools-for-stm32.11.3.rel1.win32_1.1.0.202305231506/tools/bin/../lib/gcc/arm-none-eabi/11.3.1/../../../../arm-none-eabi/lib/thumb/v7e-m+fp/hard/crt0.o (exit)
C:/ST/STM32CubeIDE_1.13.1/STM32CubeIDE/plugins/com.st.stm32cube.ide.mcu.externaltools.gnu-tools-for-stm32.11.3.rel1.win32_1.1.0.202305231506/tools/bin/../lib/gcc/arm-none-eabi/11.3.1/../../../../arm-none-eabi/lib/thumb/v7e-m+fp/hard\libc_nano.a(libc_a-findfp.o)
                              C:/ST/STM32CubeIDE_1.13.1/STM32CubeIDE/plugins/com.st.stm32cube.ide.mcu.externaltools.gnu-tools-for-stm32.11.3.rel1.win32_1.1.0.202305231506/tools/bin/../lib/gcc/arm-none-eabi/11.3.1/../../../../arm-none-eabi/lib/thumb/v7e-m+fp/hard\libc_nano.a(libc_a-exit.o) (__stdio_exit_handler)
C:/ST/STM32CubeIDE_1.13.1/STM32CubeIDE/plugins/com.st.stm32cube.ide.mcu.externaltools.gnu-tools-for-stm32.11.3.rel1.win32_1.1.0.202305231506/tools/bin/../lib/gcc/arm-none-eabi/11.3.1/../../../../arm-none-eabi/lib/thumb/v7e-m+fp/hard\libc_nano.a(libc_a-fwalk.o)
                              C:/ST/STM32CubeIDE_1.13.1/STM32CubeIDE/plugins/com.st.stm32cube.ide.mcu.externaltools.gnu-tools-for-stm32.11.3.rel1.win32_1.1.0.202305231506/tools/bin/../lib/gcc/arm-none-eabi/11.3.1/../../../../arm-none-eabi/lib/thumb/v7e-m+fp/hard\libc_nano.a(libc_a-findfp.o) (_fwalk_sglue)
C:/ST/STM32CubeIDE_1.13.1/STM32CubeIDE/plugins/com.st.stm32cube.ide.mcu.externaltools.gnu-tools-for-stm32.11.3.rel1.win32_1.1.0.202305231506/tools/bin/../lib/gcc/arm-none-eabi/11.3.1/../../../../arm-none-eabi/lib/thumb/v7e-m+fp/hard\libc_nano.a(libc_a-stdio.o)
                              C:/ST/STM32CubeIDE_1.13.1/STM32CubeIDE/plugins/com.st.stm32cube.ide.mcu.externaltools.gnu-tools-for-stm32.11.3.rel1.win32_1.1.0.202305231506/tools/bin/../lib/gcc/arm-none-eabi/11.3.1/../../../../arm-none-eabi/lib/thumb/v7e-m+fp/hard\libc_nano.a(libc_a-findfp.o) (__sread)
C:/ST/STM32CubeIDE_1.13.1/STM32CubeIDE/plugins/com.st.stm32cube.ide.mcu.externaltools.gnu-tools-for-stm32.11.3.rel1.win32_1.1.0.202305231506/tools/bin/../lib/gcc/arm-none-eabi/11.3.1/../../../../arm-none-eabi/lib/thumb/v7e-m+fp/hard\libc_nano.a(libc_a-memset.o)
                              C:/ST/STM32CubeIDE_1.13.1/STM32CubeIDE/plugins/com.st.stm32cube.ide.mcu.externaltools.gnu-tools-for-stm32.11.3.rel1.win32_1.1.0.202305231506/tools/bin/../lib/gcc/arm-none-eabi/11.3.1/../../../../arm-none-eabi/lib/thumb/v7e-m+fp/hard/crt0.o (memset)
C:/ST/STM32CubeIDE_1.13.1/STM32CubeIDE/plugins/com.st.stm32cube.ide.mcu.externaltools.gnu-tools-for-stm32.11.3.rel1.win32_1.1.0.202305231506/tools/bin/../lib/gcc/arm-none-eabi/11.3.1/../../../../arm-none-eabi/lib/thumb/v7e-m+fp/hard\libc_nano.a(libc_a-closer.o)
                              C:/ST/STM32CubeIDE_1.13.1/STM32CubeIDE/plugins/com.st.stm32cube.ide.mcu.externaltools.gnu-tools-for-stm32.11.3.rel1.win32_1.1.0.202305231506/tools/bin/../lib/gcc/arm-none-eabi/11.3.1/../../../../arm-none-eabi/lib/thumb/v7e-m+fp/hard\libc_nano.a(libc_a-stdio.o) (_close_r)
C:/ST/STM32CubeIDE_1.13.1/STM32CubeIDE/plugins/com.st.stm32cube.ide.mcu.externaltools.gnu-tools-for-stm32.11.3.rel1.win32_1.1.0.202305231506/tools/bin/../lib/gcc/arm-none-eabi/11.3.1/../../../../arm-none-eabi/lib/thumb/v7e-m+fp/hard\libc_nano.a(libc_a-reent.o)
                              C:/ST/STM32CubeIDE_1.13.1/STM32CubeIDE/plugins/com.st.stm32cube.ide.mcu.externaltools.gnu-tools-for-stm32.11.3.rel1.win32_1.1.0.202305231506/tools/bin/../lib/gcc/arm-none-eabi/11.3.1/../../../../arm-none-eabi/lib/thumb/v7e-m+fp/hard\libc_nano.a(libc_a-closer.o) (errno)
C:/ST/STM32CubeIDE_1.13.1/STM32CubeIDE/plugins/com.st.stm32cube.ide.mcu.externaltools.gnu-tools-for-stm32.11.3.rel1.win32_1.1.0.202305231506/tools/bin/../lib/gcc/arm-none-eabi/11.3.1/../../../../arm-none-eabi/lib/thumb/v7e-m+fp/hard\libc_nano.a(libc_a-impure.o)
                              C:/ST/STM32CubeIDE_1.13.1/STM32CubeIDE/plugins/com.st.stm32cube.ide.mcu.externaltools.gnu-tools-for-stm32.11.3.rel1.win32_1.1.0.202305231506/tools/bin/../lib/gcc/arm-none-eabi/11.3.1/../../../../arm-none-eabi/lib/thumb/v7e-m+fp/hard\libc_nano.a(libc_a-reent.o) (_impure_ptr)
C:/ST/STM32CubeIDE_1.13.1/STM32CubeIDE/plugins/com.st.stm32cube.ide.mcu.externaltools.gnu-tools-for-stm32.11.3.rel1.win32_1.1.0.202305231506/tools/bin/../lib/gcc/arm-none-eabi/11.3.1/../../../../arm-none-eabi/lib/thumb/v7e-m+fp/hard\libc_nano.a(libc_a-lseekr.o)
[...]
Memory Configuration

Name             Origin             Length             Attributes
RAM              0x0000000020000000 0x0000000000010000 xrw
FLASH            0x0000000008000000 0x0000000000040000 xr
*default*        0x0000000000000000 0xffffffffffffffff

Linker script and memory map

LOAD C:/ST/STM32CubeIDE_1.13.1/STM32CubeIDE/plugins/com.st.stm32cube.ide.mcu.externaltools.gnu-tools-for-stm32.11.3.rel1.win32_1.1.0.202305231506/tools/bin/../lib/gcc/arm-none-eabi/11.3.1/thumb/v7e-m+fp/hard/crti.o
LOAD C:/ST/STM32CubeIDE_1.13.1/STM32CubeIDE/plugins/com.st.stm32cube.ide.mcu.externaltools.gnu-tools-for-stm32.11.3.rel1.win32_1.1.0.202305231506/tools/bin/../lib/gcc/arm-none-eabi/11.3.1/thumb/v7e-m+fp/hard/crtbegin.o
LOAD C:/ST/STM32CubeIDE_1.13.1/STM32CubeIDE/plugins/com.st.stm32cube.ide.mcu.externaltools.gnu-tools-for-stm32.11.3.rel1.win32_1.1.0.202305231506/tools/bin/../lib/gcc/arm-none-eabi/11.3.1/../../../../arm-none-eabi/lib/thumb/v7e-m+fp/hard/crt0.o
LOAD ./Core/Src/HAL/Buzzer/Buzzer_Control.o
LOAD ./Core/Src/HAL/Comms/Communication.o
LOAD ./Core/Src/HAL/DC_Motor/DC_Motor.o
LOAD ./Core/Src/HAL/IR/IR_Control.o
LOAD ./Core/Src/HAL/LED/LED_Control.o
LOAD ./Core/Src/HAL/Push_Button/PB_Control.o
LOAD ./Core/Src/LIB/delay.o
LOAD ./Core/Src/MCAL/MEXTI/MEXTI_Prog.o
LOAD ./Core/Src/MCAL/MGPIO/MGPIO_Prog.o
LOAD ./Core/Src/MCAL/MNVIC/MNVIC_Prog.o
LOAD ./Core/Src/MCAL/MRCC/MRCC_Prog.o
LOAD ./Core/Src/MCAL/MSPI/MSPI_Program.o
LOAD ./Core/Src/MCAL/MSTK/MSTK_Prog.o
LOAD ./Core/Src/MCAL/MTIM/MTIM_Program.o
LOAD ./Core/Src/MCAL/MUSART/MUSART_Prog.o
LOAD ./Core/Src/main.o
LOAD ./Core/Src/stm32f4xx_hal_msp.o
LOAD ./Core/Src/stm32f4xx_it.o
LOAD ./Core/Src/syscalls.o
LOAD ./Core/Src/sysmem.o
LOAD ./Core/Src/system_stm32f4xx.o
LOAD ./Core/Startup/startup_stm32f401ccux.o
LOAD ./Drivers/STM32F4xx_HAL_Driver/Src/stm32f4xx_hal.o
LOAD ./Drivers/STM32F4xx_HAL_Driver/Src/stm32f4xx_hal_cortex.o
LOAD ./Drivers/STM32F4xx_HAL_Driver/Src/stm32f4xx_hal_dma.o
LOAD ./Drivers/STM32F4xx_HAL_Driver/Src/stm32f4xx_hal_dma_ex.o
LOAD ./Drivers/STM32F4xx_HAL_Driver/Src/stm32f4xx_hal_exti.o
LOAD ./Drivers/STM32F4xx_HAL_Driver/Src/stm32f4xx_hal_flash.o
LOAD ./Drivers/STM32F4xx_HAL_Driver/Src/stm32f4xx_hal_flash_ex.o
LOAD ./Drivers/STM32F4xx_HAL_Driver/Src/stm32f4xx_hal_flash_ramfunc.o
LOAD ./Drivers/STM32F4xx_HAL_Driver/Src/stm32f4xx_hal_gpio.o
LOAD ./Drivers/STM32F4xx_HAL_Driver/Src/stm32f4xx_hal_pwr.o
LOAD ./Drivers/STM32F4xx_HAL_Driver/Src/stm32f4xx_hal_pwr_ex.o
LOAD ./Drivers/STM32F4xx_HAL_Driver/Src/stm32f4xx_hal_rcc.o
LOAD ./Drivers/STM32F4xx_HAL_Driver/Src/stm32f4xx_hal_rcc_ex.o
START GROUP
LOAD C:/ST/STM32CubeIDE_1.13.1/STM32CubeIDE/plugins/com.st.stm32cube.ide.mcu.externaltools.gnu-tools-for-stm32.11.3.rel1.win32_1.1.0.202305231506/tools/bin/../lib/gcc/arm-none-eabi/11.3.1/../../../../arm-none-eabi/lib/thumb/v7e-m+fp/hard\libc_nano.a
LOAD C:/ST/STM32CubeIDE_1.13.1/STM32CubeIDE/plugins/com.st.stm32cube.ide.mcu.externaltools.gnu-tools-for-stm32.11.3.rel1.win32_1.1.0.202305231506/tools/bin/../lib/gcc/arm-none-eabi/11.3.1/../../../../arm-none-eabi/lib/thumb/v7e-m+fp/hard\libm.a
END GROUP
START GROUP
LOAD C:/ST/STM32CubeIDE_1.13.1/STM32CubeIDE/plugins/com.st.stm32cube.ide.mcu.externaltools.gnu-tools-for-stm32.11.3.rel1.win32_1.1.0.202305231506/tools/bin/../lib/gcc/arm-none-eabi/11.3.1/thumb/v7e-m+fp/hard\libgcc.a
LOAD C:/ST/STM32CubeIDE_1.13.1/STM32CubeIDE/plugins/com.st.stm32cube.ide.mcu.externaltools.gnu-tools-for-stm32.11.3.rel1.win32_1.1.0.202305231506/tools/bin/../lib/gcc/arm-none-eabi/11.3.1/../../../../arm-none-eabi/lib/thumb/v7e-m+fp/hard\libc_nano.a
END GROUP
START GROUP
LOAD C:/ST/STM32CubeIDE_1.13.1/STM32CubeIDE/plugins/com.st.stm32cube.ide.mcu.externaltools.gnu-tools-for-stm32.11.3.rel1.win32_1.1.0.202305231506/tools/bin/../lib/gcc/arm-none-eabi/11.3.1/thumb/v7e-m+fp/hard\libgcc.a
LOAD C:/ST/STM32CubeIDE_1.13.1/STM32CubeIDE/plugins/com.st.stm32cube.ide.mcu.externaltools.gnu-tools-for-stm32.11.3.rel1.win32_1.1.0.202305231506/tools/bin/../lib/gcc/arm-none-eabi/11.3.1/../../../../arm-none-eabi/lib/thumb/v7e-m+fp/hard\libc_nano.a
LOAD C:/ST/STM32CubeIDE_1.13.1/STM32CubeIDE/plugins/com.st.stm32cube.ide.mcu.externaltools.gnu-tools-for-stm32.11.3.rel1.win32_1.1.0.202305231506/tools/bin/../lib/gcc/arm-none-eabi/11.3.1/../../../../arm-none-eabi/lib/thumb/v7e-m+fp/hard\libnosys.a
END GROUP
START GROUP
LOAD C:/ST/STM32CubeIDE_1.13.1/STM32CubeIDE/plugins/com.st.stm32cube.ide.mcu.externaltools.gnu-tools-for-stm32.11.3.rel1.win32_1.1.0.202305231506/tools/bin/../lib/gcc/arm-none-eabi/11.3.1/thumb/v7e-m+fp/hard\libgcc.a
LOAD C:/ST/STM32CubeIDE_1.13.1/STM32CubeIDE/plugins/com.st.stm32cube.ide.mcu.externaltools.gnu-tools-for-stm32.11.3.rel1.win32_1.1.0.202305231506/tools/bin/../lib/gcc/arm-none-eabi/11.3.1/../../../../arm-none-eabi/lib/thumb/v7e-m+fp/hard\libc_nano.a
LOAD C:/ST/STM32CubeIDE_1.13.1/STM32CubeIDE/plugins/com.st.stm32cube.ide.mcu.externaltools.gnu-tools-for-stm32.11.3.rel1.win32_1.1.0.202305231506/tools/bin/../lib/gcc/arm-none-eabi/11.3.1/../../../../arm-none-eabi/lib/thumb/v7e-m+fp/hard\libnosys.a
END GROUP
LOAD C:/ST/STM32CubeIDE_1.13.1/STM32CubeIDE/plugins/com.st.stm32cube.ide.mcu.externaltools.gnu-tools-for-stm32.11.3.rel1.win32_1.1.0.202305231506/tools/bin/../lib/gcc/arm-none-eabi/11.3.1/thumb/v7e-m+fp/hard/crtend.o
LOAD C:/ST/STM32CubeIDE_1.13.1/STM32CubeIDE/plugins/com.st.stm32cube.ide.mcu.externaltools.gnu-tools-for-stm32.11.3.rel1.win32_1.1.0.202305231506/tools/bin/../lib/gcc/arm-none-eabi/11.3.1/thumb/v7e-m+fp/hard/crtn.o
                0x0000000020010000                _estack = (ORIGIN (RAM) + LENGTH (RAM))
                0x0000000000000200                _Min_Heap_Size = 0x200
                0x0000000000000400                _Min_Stack_Size = 0x400

.isr_vector     0x0000000008000000      0x194
                0x0000000008000000                . = ALIGN (0x4)
 *(.isr_vector)
 .isr_vector    0x0000000008000000      0x194 ./Core/Startup/startup_stm32f401ccux.o
                0x0000000008000000                g_pfnVectors
                0x0000000008000194                . = ALIGN (0x4)

.text           0x0000000008000194     0x24c8
                0x0000000008000194                . = ALIGN (0x4)
 *(.text)
 .text          0x0000000008000194       0x40 C:/ST/STM32CubeIDE_1.13.1/STM32CubeIDE/plugins/com.st.stm32cube.ide.mcu.externaltools.gnu-tools-for-stm32.11.3.rel1.win32_1.1.0.202305231506/tools/bin/../lib/gcc/arm-none-eabi/11.3.1/thumb/v7e-m+fp/hard/crtbegin.o
 .text          0x00000000080001d4      0x378 C:/ST/STM32CubeIDE_1.13.1/STM32CubeIDE/plugins/com.st.stm32cube.ide.mcu.externaltools.gnu-tools-for-stm32.11.3.rel1.win32_1.1.0.202305231506/tools/bin/../lib/gcc/arm-none-eabi/11.3.1/thumb/v7e-m+fp/hard\libgcc.a(_arm_addsubdf3.o)
                0x00000000080001d4                __aeabi_drsub
                0x00000000080001dc                __aeabi_dsub
                0x00000000080001dc                __subdf3
                0x00000000080001e0                __aeabi_dadd
                0x00000000080001e0                __adddf3
                0x0000000008000458                __floatunsidf
                0x0000000008000458                __aeabi_ui2d
                0x0000000008000478                __floatsidf
                0x0000000008000478                __aeabi_i2d
                0x000000000800049c                __aeabi_f2d
                0x000000000800049c                __extendsfdf2
                0x00000000080004e0                __floatundidf
                0x00000000080004e0                __aeabi_ul2d
                0x00000000080004f0                __floatdidf
                0x00000000080004f0                __aeabi_l2d
 .text          0x000000000800054c      0x424 C:/ST/STM32CubeIDE_1.13.1/STM32CubeIDE/plugins/com.st.stm32cube.ide.mcu.externaltools.gnu-tools-for-stm32.11.3.rel1.win32_1.1.0.202305231506/tools/bin/../lib/gcc/arm-none-eabi/11.3.1/thumb/v7e-m+fp/hard\libgcc.a(_arm_muldivdf3.o)
                0x000000000800054c                __aeabi_dmul
                0x000000000800054c                __muldf3
                0x00000000080007a0                __divdf3
                0x00000000080007a0                __aeabi_ddiv
 .text          0x0000000008000970       0x40 C:/ST/STM32CubeIDE_1.13.1/STM32CubeIDE/plugins/com.st.stm32cube.ide.mcu.externaltools.gnu-tools-for-stm32.11.3.rel1.win32_1.1.0.202305231506/tools/bin/../lib/gcc/arm-none-eabi/11.3.1/thumb/v7e-m+fp/hard\libgcc.a(_arm_fixunsdfsi.o)
                0x0000000008000970                __aeabi_d2uiz
                0x0000000008000970                __fixunsdfsi
 *(.text*)
 .text.Comms_Init
                0x00000000080009b0       0x62 ./Core/Src/HAL/Comms/Communication.o
                0x00000000080009b0                Comms_Init
 .text.Comms_Enable_Disable
                0x0000000008000a12       0x28 ./Core/Src/HAL/Comms/Communication.o
                0x0000000008000a12                Comms_Enable_Disable
 .text.Comms_Read_Write
                0x0000000008000a3a       0x4a ./Core/Src/HAL/Comms/Communication.o
                0x0000000008000a3a                Comms_Read_Write
 .text.Comms_SetCallBack
                0x0000000008000a84       0x3a ./Core/Src/HAL/Comms/Communication.o
                0x0000000008000a84                Comms_SetCallBack
 .text.DC_Motor_Init
                0x0000000008000abe       0x44 ./Core/Src/HAL/DC_Motor/DC_Motor.o
                0x0000000008000abe                DC_Motor_Init
 .text.DC_Motor_Rotate
                0x0000000008000b02      0x114 ./Core/Src/HAL/DC_Motor/DC_Motor.o
                0x0000000008000b02                DC_Motor_Rotate
 .text.IR_InterruptInit
                0x0000000008000c16       0xec ./Core/Src/HAL/IR/IR_Control.o
                0x0000000008000c16                IR_InterruptInit
 .text.PB_Init  0x0000000008000d02       0x3c ./Core/Src/HAL/Push_Button/PB_Control.o
                0x0000000008000d02                PB_Init
 .text.PB_InterruptInit
                0x0000000008000d3e       0xec ./Core/Src/HAL/Push_Button/PB_Control.o
                0x0000000008000d3e                PB_InterruptInit
 .text.PB_Read  0x0000000008000e2a       0x26 ./Core/Src/HAL/Push_Button/PB_Control.o
                0x0000000008000e2a                PB_Read
 .text.MEXTI_vHWInterruptEnable
                0x0000000008000e50       0x30 ./Core/Src/MCAL/MEXTI/MEXTI_Prog.o
                0x0000000008000e50                MEXTI_vHWInterruptEnable
 .text.MEXTI_vSetTriggerType
                0x0000000008000e80       0x8c ./Core/Src/MCAL/MEXTI/MEXTI_Prog.o
                0x0000000008000e80                MEXTI_vSetTriggerType
 .text.MEXTI_vSetExtiConfig
                0x0000000008000f0c      0x2a0 ./Core/Src/MCAL/MEXTI/MEXTI_Prog.o
                0x0000000008000f0c                MEXTI_vSetExtiConfig
 .text.MEXTI_vSetCallback
                0x00000000080011ac      0x128 ./Core/Src/MCAL/MEXTI/MEXTI_Prog.o
                0x00000000080011ac                MEXTI_vSetCallback
 .text.EXTI0_IRQHandler
                0x00000000080012d4       0x24 ./Core/Src/MCAL/MEXTI/MEXTI_Prog.o
                0x00000000080012d4                EXTI0_IRQHandler
 .text.EXTI1_IRQHandler
                0x00000000080012f8       0x24 ./Core/Src/MCAL/MEXTI/MEXTI_Prog.o
                0x00000000080012f8                EXTI1_IRQHandler
 .text.EXTI2_IRQHandler
                0x000000000800131c       0x24 ./Core/Src/MCAL/MEXTI/MEXTI_Prog.o
                0x000000000800131c                EXTI2_IRQHandler
 .text.EXTI3_IRQHandler
                0x0000000008001340       0x24 ./Core/Src/MCAL/MEXTI/MEXTI_Prog.o
                0x0000000008001340                EXTI3_IRQHandler
 .text.EXTI4_IRQHandler
                0x0000000008001364       0x24 ./Core/Src/MCAL/MEXTI/MEXTI_Prog.o
                0x0000000008001364                EXTI4_IRQHandler
 .text.EXTI9_5_IRQHandler
                0x0000000008001388       0xc0 ./Core/Src/MCAL/MEXTI/MEXTI_Prog.o
                0x0000000008001388                EXTI9_5_IRQHandler
 .text.EXTI15_10_IRQHandler
                0x0000000008001448       0xe4 ./Core/Src/MCAL/MEXTI/MEXTI_Prog.o
                0x0000000008001448                EXTI15_10_IRQHandler
 .text.MGPIO_voidSetPinMode
                0x000000000800152c       0xf0 ./Core/Src/MCAL/MGPIO/MGPIO_Prog.o
                0x000000000800152c                MGPIO_voidSetPinMode
 .text.MGPIO_voidSetPullType
                0x000000000800161c       0xe0 ./Core/Src/MCAL/MGPIO/MGPIO_Prog.o
                0x000000000800161c                MGPIO_voidSetPullType
 .text.MGPIO_u8ReadData
                0x00000000080016fc       0xd8 ./Core/Src/MCAL/MGPIO/MGPIO_Prog.o
                0x00000000080016fc                MGPIO_u8ReadData
 .text.MGPIO_voidWriteData
                0x00000000080017d4      0x1a8 ./Core/Src/MCAL/MGPIO/MGPIO_Prog.o
                0x00000000080017d4                MGPIO_voidWriteData
 .text.MGPIO_voidSetPinAltFn
                0x000000000800197c      0x1c8 ./Core/Src/MCAL/MGPIO/MGPIO_Prog.o
                0x000000000800197c                MGPIO_voidSetPinAltFn
 .text.MNVIC_vInterruptSetEnable
                0x0000000008001b44       0x40 ./Core/Src/MCAL/MNVIC/MNVIC_Prog.o
                0x0000000008001b44                MNVIC_vInterruptSetEnable
 .text.MNVIC_vSetGroupMode
                0x0000000008001b84       0x38 ./Core/Src/MCAL/MNVIC/MNVIC_Prog.o
                0x0000000008001b84                MNVIC_vSetGroupMode
 .text.MNVIC_vSetInterruptPriority
                0x0000000008001bbc       0xa4 ./Core/Src/MCAL/MNVIC/MNVIC_Prog.o
                0x0000000008001bbc                MNVIC_vSetInterruptPriority
 .text.MRCC_vInit
                0x0000000008001c60       0x50 ./Core/Src/MCAL/MRCC/MRCC_Prog.o
                0x0000000008001c60                MRCC_vInit
 .text.MRCC_vEnableClock
                0x0000000008001cb0       0x98 ./Core/Src/MCAL/MRCC/MRCC_Prog.o
                0x0000000008001cb0                MRCC_vEnableClock
 .text.SPI1_IRQHandler
                0x0000000008001d48       0x14 ./Core/Src/MCAL/MSPI/MSPI_Program.o
                0x0000000008001d48                SPI1_IRQHandler
 .text.SPI2_IRQHandler
                0x0000000008001d5c       0x14 ./Core/Src/MCAL/MSPI/MSPI_Program.o
                0x0000000008001d5c                SPI2_IRQHandler
 .text.SPI3_IRQHandler
                0x0000000008001d70       0x14 ./Core/Src/MCAL/MSPI/MSPI_Program.o
                0x0000000008001d70                SPI3_IRQHandler
 .text.SPI4_IRQHandler
                0x0000000008001d84       0x14 ./Core/Src/MCAL/MSPI/MSPI_Program.o
                0x0000000008001d84                SPI4_IRQHandler
 .text.MSTK_voidInit
                0x0000000008001d98       0x20 ./Core/Src/MCAL/MSTK/MSTK_Prog.o
                0x0000000008001d98                MSTK_voidInit
 .text.MSTK_voidIntState
                0x0000000008001db8       0x20 ./Core/Src/MCAL/MSTK/MSTK_Prog.o
                0x0000000008001db8                MSTK_voidIntState
 .text.MSTK_voidStart
                0x0000000008001dd8       0x40 ./Core/Src/MCAL/MSTK/MSTK_Prog.o
                0x0000000008001dd8                MSTK_voidStart
 .text.MSTK_u8IsON
                0x0000000008001e18       0x20 ./Core/Src/MCAL/MSTK/MSTK_Prog.o
                0x0000000008001e18                MSTK_u8IsON
 .text.CALLBACKSYS
                0x0000000008001e38       0x20 ./Core/Src/MCAL/MSTK/MSTK_Prog.o
                0x0000000008001e38                CALLBACKSYS
 .text.SysTick_Handler
                0x0000000008001e58       0x14 ./Core/Src/MCAL/MSTK/MSTK_Prog.o
                0x0000000008001e58                SysTick_Handler
 .text.TIM2_IRQHandler
                0x0000000008001e6c       0x3c ./Core/Src/MCAL/MTIM/MTIM_Program.o
                0x0000000008001e6c                TIM2_IRQHandler
 .text.TIM3_IRQHandler
                0x0000000008001ea8       0x3c ./Core/Src/MCAL/MTIM/MTIM_Program.o
                0x0000000008001ea8                TIM3_IRQHandler
 .text.TIM4_IRQHandler
                0x0000000008001ee4       0x3c ./Core/Src/MCAL/MTIM/MTIM_Program.o
                0x0000000008001ee4                TIM4_IRQHandler
 .text.MUSART_voidInit
                0x0000000008001f20       0xdc ./Core/Src/MCAL/MUSART/MUSART_Prog.o
                0x0000000008001f20                MUSART_voidInit
 .text.MUSART_voidSendData
                0x0000000008001ffc       0x4c ./Core/Src/MCAL/MUSART/MUSART_Prog.o
                0x0000000008001ffc                MUSART_voidSendData
 .text.MUSART_u8ReadData
                0x0000000008002048       0x30 ./Core/Src/MCAL/MUSART/MUSART_Prog.o
                0x0000000008002048                MUSART_u8ReadData
 .text.MUSART_voidEnable
                0x0000000008002078       0x20 ./Core/Src/MCAL/MUSART/MUSART_Prog.o
                0x0000000008002078                MUSART_voidEnable
 .text.MUSART_voidDisable
                0x0000000008002098       0x20 ./Core/Src/MCAL/MUSART/MUSART_Prog.o
                0x0000000008002098                MUSART_voidDisable
 .text.MUSART_voidCallBack
                0x00000000080020b8       0x20 ./Core/Src/MCAL/MUSART/MUSART_Prog.o
                0x00000000080020b8                MUSART_voidCallBack
 .text.USART1_IRQHandler
                0x00000000080020d8       0x14 ./Core/Src/MCAL/MUSART/MUSART_Prog.o
                0x00000000080020d8                USART1_IRQHandler
 .text.Parking_3
                0x00000000080020ec       0xa4 ./Core/Src/main.o
                0x00000000080020ec                Parking_3
 .text.Parking_2
                0x0000000008002190       0xa4 ./Core/Src/main.o
                0x0000000008002190                Parking_2
 .text.Parking_1
                0x0000000008002234       0xa4 ./Core/Src/main.o
                0x0000000008002234                Parking_1
 .text.Gate_OUT_Open
                0x00000000080022d8       0x28 ./Core/Src/main.o
                0x00000000080022d8                Gate_OUT_Open
 .text.Gate_OUT_Close
                0x0000000008002300       0x18 ./Core/Src/main.o
                0x0000000008002300                Gate_OUT_Close
 .text.Gate_IN_Close
                0x0000000008002318       0x18 ./Core/Src/main.o
                0x0000000008002318                Gate_IN_Close
 .text.Gate_IN_Open
                0x0000000008002330       0x18 ./Core/Src/main.o
                0x0000000008002330                Gate_IN_Open
 .text.Gate_Time
                0x0000000008002348       0x64 ./Core/Src/main.o
                0x0000000008002348                Gate_Time
 .text.main     0x00000000080023ac      0x190 ./Core/Src/main.o
                0x00000000080023ac                main
 .text.NMI_Handler
                0x000000000800253c        0x6 ./Core/Src/stm32f4xx_it.o
                0x000000000800253c                NMI_Handler
 .text.HardFault_Handler
                0x0000000008002542        0x6 ./Core/Src/stm32f4xx_it.o
                0x0000000008002542                HardFault_Handler
 .text.MemManage_Handler
                0x0000000008002548        0x6 ./Core/Src/stm32f4xx_it.o
                0x0000000008002548                MemManage_Handler
 .text.BusFault_Handler
                0x000000000800254e        0x6 ./Core/Src/stm32f4xx_it.o
                0x000000000800254e                BusFault_Handler
 .text.UsageFault_Handler
                0x0000000008002554        0x6 ./Core/Src/stm32f4xx_it.o
                0x0000000008002554                UsageFault_Handler
 .text.SVC_Handler
                0x000000000800255a        0xe ./Core/Src/stm32f4xx_it.o
                0x000000000800255a                SVC_Handler
 .text.DebugMon_Handler
                0x0000000008002568        0xe ./Core/Src/stm32f4xx_it.o
                0x0000000008002568                DebugMon_Handler
 .text.PendSV_Handler
                0x0000000008002576        0xe ./Core/Src/stm32f4xx_it.o
                0x0000000008002576                PendSV_Handler
 .text.SystemInit
                0x0000000008002584       0x24 ./Core/Src/system_stm32f4xx.o
                0x0000000008002584                SystemInit
 .text.Reset_Handler
                0x00000000080025a8       0x50 ./Core/Startup/startup_stm32f401ccux.o
                0x00000000080025a8                Reset_Handler
 .text.Default_Handler
                0x00000000080025f8        0x2 ./Core/Startup/startup_stm32f401ccux.o
                0x00000000080025f8                RTC_Alarm_IRQHandler
                0x00000000080025f8                TIM1_CC_IRQHandler
                0x00000000080025f8                DMA2_Stream5_IRQHandler
                0x00000000080025f8                DMA1_Stream5_IRQHandler
                0x00000000080025f8                PVD_IRQHandler
                0x00000000080025f8                SDIO_IRQHandler
                0x00000000080025f8                TAMP_STAMP_IRQHandler
                0x00000000080025f8                TIM1_UP_TIM10_IRQHandler
                0x00000000080025f8                I2C3_ER_IRQHandler
                0x00000000080025f8                I2C2_EV_IRQHandler
                0x00000000080025f8                DMA1_Stream2_IRQHandler
                0x00000000080025f8                FPU_IRQHandler
                0x00000000080025f8                DMA2_Stream2_IRQHandler
                0x00000000080025f8                TIM1_BRK_TIM9_IRQHandler
                0x00000000080025f8                DMA2_Stream3_IRQHandler
                0x00000000080025f8                USART6_IRQHandler
                0x00000000080025f8                DMA2_Stream0_IRQHandler
                0x00000000080025f8                I2C1_EV_IRQHandler
                0x00000000080025f8                DMA1_Stream6_IRQHandler
                0x00000000080025f8                DMA1_Stream1_IRQHandler
                0x00000000080025f8                RCC_IRQHandler
                0x00000000080025f8                Default_Handler
                0x00000000080025f8                ADC_IRQHandler
                0x00000000080025f8                DMA1_Stream7_IRQHandler
                0x00000000080025f8                TIM5_IRQHandler
                0x00000000080025f8                DMA2_Stream7_IRQHandler
                0x00000000080025f8                I2C3_EV_IRQHandler
                0x00000000080025f8                RTC_WKUP_IRQHandler
                0x00000000080025f8                DMA1_Stream0_IRQHandler
                0x00000000080025f8                WWDG_IRQHandler
                0x00000000080025f8                OTG_FS_WKUP_IRQHandler
                0x00000000080025f8                TIM1_TRG_COM_TIM11_IRQHandler
                0x00000000080025f8                USART2_IRQHandler
                0x00000000080025f8                I2C2_ER_IRQHandler
                0x00000000080025f8                DMA2_Stream1_IRQHandler
                0x00000000080025f8                FLASH_IRQHandler
                0x00000000080025f8                DMA2_Stream4_IRQHandler
                0x00000000080025f8                OTG_FS_IRQHandler
                0x00000000080025f8                DMA1_Stream4_IRQHandler
                0x00000000080025f8                I2C1_ER_IRQHandler
                0x00000000080025f8                DMA2_Stream6_IRQHandler
                0x00000000080025f8                DMA1_Stream3_IRQHandler
 *fill*         0x00000000080025fa        0x2 
 .text.__libc_init_array
                0x00000000080025fc       0x48 C:/ST/STM32CubeIDE_1.13.1/STM32CubeIDE/plugins/com.st.stm32cube.ide.mcu.externaltools.gnu-tools-for-stm32.11.3.rel1.win32_1.1.0.202305231506/tools/bin/../lib/gcc/arm-none-eabi/11.3.1/../../../../arm-none-eabi/lib/thumb/v7e-m+fp/hard\libc_nano.a(libc_a-init.o)
                0x00000000080025fc                __libc_init_array
 *(.glue_7)
 .glue_7        0x0000000008002644        0x0 linker stubs
 *(.glue_7t)
 .glue_7t       0x0000000008002644        0x0 linker stubs
 *(.eh_frame)
 .eh_frame      0x0000000008002644        0x0 C:/ST/STM32CubeIDE_1.13.1/STM32CubeIDE/plugins/com.st.stm32cube.ide.mcu.externaltools.gnu-tools-for-stm32.11.3.rel1.win32_1.1.0.202305231506/tools/bin/../lib/gcc/arm-none-eabi/11.3.1/thumb/v7e-m+fp/hard/crtbegin.o
 *(.init)
 .init          0x0000000008002644        0x4 C:/ST/STM32CubeIDE_1.13.1/STM32CubeIDE/plugins/com.st.stm32cube.ide.mcu.externaltools.gnu-tools-for-stm32.11.3.rel1.win32_1.1.0.202305231506/tools/bin/../lib/gcc/arm-none-eabi/11.3.1/thumb/v7e-m+fp/hard/crti.o
                0x0000000008002644                _init
 .init          0x0000000008002648        0x8 C:/ST/STM32CubeIDE_1.13.1/STM32CubeIDE/plugins/com.st.stm32cube.ide.mcu.externaltools.gnu-tools-for-stm32.11.3.rel1.win32_1.1.0.202305231506/tools/bin/../lib/gcc/arm-none-eabi/11.3.1/thumb/v7e-m+fp/hard/crtn.o
 *(.fini)
 .fini          0x0000000008002650        0x4 C:/ST/STM32CubeIDE_1.13.1/STM32CubeIDE/plugins/com.st.stm32cube.ide.mcu.externaltools.gnu-tools-for-stm32.11.3.rel1.win32_1.1.0.202305231506/tools/bin/../lib/gcc/arm-none-eabi/11.3.1/thumb/v7e-m+fp/hard/crti.o
                0x0000000008002650                _fini
 .fini          0x0000000008002654        0x8 C:/ST/STM32CubeIDE_1.13.1/STM32CubeIDE/plugins/com.st.stm32cube.ide.mcu.externaltools.gnu-tools-for-stm32.11.3.rel1.win32_1.1.0.202305231506/tools/bin/../lib/gcc/arm-none-eabi/11.3.1/thumb/v7e-m+fp/hard/crtn.o
                0x000000000800265c                . = ALIGN (0x4)
                0x000000000800265c                _etext = .

.vfp11_veneer   0x000000000800265c        0x0
 .vfp11_veneer  0x000000000800265c        0x0 linker stubs

.v4_bx          0x000000000800265c        0x0
 .v4_bx         0x000000000800265c        0x0 linker stubs

.iplt           0x000000000800265c        0x0
 .iplt          0x000000000800265c        0x0 C:/ST/STM32CubeIDE_1.13.1/STM32CubeIDE/plugins/com.st.stm32cube.ide.mcu.externaltools.gnu-tools-for-stm32.11.3.rel1.win32_1.1.0.202305231506/tools/bin/../lib/gcc/arm-none-eabi/11.3.1/thumb/v7e-m+fp/hard/crtbegin.o

.rel.dyn        0x000000000800265c        0x0
 .rel.iplt      0x000000000800265c        0x0 C:/ST/STM32CubeIDE_1.13.1/STM32CubeIDE/plugins/com.st.stm32cube.ide.mcu.externaltools.gnu-tools-for-stm32.11.3.rel1.win32_1.1.0.202305231506/tools/bin/../lib/gcc/arm-none-eabi/11.3.1/thumb/v7e-m+fp/hard/crtbegin.o

.rodata         0x000000000800265c        0x0
                0x000000000800265c                . = ALIGN (0x4)
 *(.rodata)
 *(.rodata*)
                0x000000000800265c                . = ALIGN (0x4)

.ARM.extab      0x000000000800265c        0x0
                0x000000000800265c                . = ALIGN (0x4)
 *(.ARM.extab* .gnu.linkonce.armextab.*)
                0x000000000800265c                . = ALIGN (0x4)

.ARM            0x000000000800265c        0x0
                0x000000000800265c                . = ALIGN (0x4)
                0x000000000800265c                __exidx_start = .
 *(.ARM.exidx*)
                0x000000000800265c                __exidx_end = .
                0x000000000800265c                . = ALIGN (0x4)

.preinit_array  0x000000000800265c        0x0
                0x000000000800265c                . = ALIGN (0x4)
                0x000000000800265c                PROVIDE (__preinit_array_start = .)
 *(.preinit_array*)
                0x000000000800265c                PROVIDE (__preinit_array_end = .)
                0x000000000800265c                . = ALIGN (0x4)

.init_array     0x000000000800265c        0x4
                0x000000000800265c                . = ALIGN (0x4)
                0x000000000800265c                PROVIDE (__init_array_start = .)
 *(SORT_BY_NAME(.init_array.*))
 *(.init_array*)
 .init_array    0x000000000800265c        0x4 C:/ST/STM32CubeIDE_1.13.1/STM32CubeIDE/plugins/com.st.stm32cube.ide.mcu.externaltools.gnu-tools-for-stm32.11.3.rel1.win32_1.1.0.202305231506/tools/bin/../lib/gcc/arm-none-eabi/11.3.1/thumb/v7e-m+fp/hard/crtbegin.o
                0x0000000008002660                PROVIDE (__init_array_end = .)
                0x0000000008002660                . = ALIGN (0x4)

.fini_array     0x0000000008002660        0x4
                0x0000000008002660                . = ALIGN (0x4)
                [!provide]                        PROVIDE (__fini_array_start = .)
 *(SORT_BY_NAME(.fini_array.*))
 *(.fini_array*)
 .fini_array    0x0000000008002660        0x4 C:/ST/STM32CubeIDE_1.13.1/STM32CubeIDE/plugins/com.st.stm32cube.ide.mcu.externaltools.gnu-tools-for-stm32.11.3.rel1.win32_1.1.0.202305231506/tools/bin/../lib/gcc/arm-none-eabi/11.3.1/thumb/v7e-m+fp/hard/crtbegin.o
                [!provide]                        PROVIDE (__fini_array_end = .)
                0x0000000008002664                . = ALIGN (0x4)
                0x0000000008002664                _sidata = LOADADDR (.data)

.data           0x0000000020000000        0x0 load address 0x0000000008002664
                0x0000000020000000                . = ALIGN (0x4)
                0x0000000020000000                _sdata = .
 *(.data)
 *(.data*)
 *(.RamFunc)
 *(.RamFunc*)
                0x0000000020000000                . = ALIGN (0x4)
                0x0000000020000000                _edata = .

.igot.plt       0x0000000020000000        0x0 load address 0x0000000008002664
 .igot.plt      0x0000000020000000        0x0 C:/ST/STM32CubeIDE_1.13.1/STM32CubeIDE/plugins/com.st.stm32cube.ide.mcu.externaltools.gnu-tools-for-stm32.11.3.rel1.win32_1.1.0.202305231506/tools/bin/../lib/gcc/arm-none-eabi/11.3.1/thumb/v7e-m+fp/hard/crtbegin.o
                0x0000000020000000                . = ALIGN (0x4)

.bss            0x0000000020000000       0x88 load address 0x0000000008002664
                0x0000000020000000                _sbss = .
                0x0000000020000000                __bss_start__ = _sbss
 *(.bss)
 .bss           0x0000000020000000       0x1c C:/ST/STM32CubeIDE_1.13.1/STM32CubeIDE/plugins/com.st.stm32cube.ide.mcu.externaltools.gnu-tools-for-stm32.11.3.rel1.win32_1.1.0.202305231506/tools/bin/../lib/gcc/arm-none-eabi/11.3.1/thumb/v7e-m+fp/hard/crtbegin.o
 *(.bss*)
 .bss.EXTI0_Callback
                0x000000002000001c        0x4 ./Core/Src/MCAL/MEXTI/MEXTI_Prog.o
 .bss.EXTI1_Callback
                0x0000000020000020        0x4 ./Core/Src/MCAL/MEXTI/MEXTI_Prog.o
 .bss.EXTI2_Callback
                0x0000000020000024        0x4 ./Core/Src/MCAL/MEXTI/MEXTI_Prog.o
 .bss.EXTI3_Callback
                0x0000000020000028        0x4 ./Core/Src/MCAL/MEXTI/MEXTI_Prog.o
 .bss.EXTI4_Callback
                0x000000002000002c        0x4 ./Core/Src/MCAL/MEXTI/MEXTI_Prog.o
 .bss.EXTI5_Callback
                0x0000000020000030        0x4 ./Core/Src/MCAL/MEXTI/MEXTI_Prog.o
 .bss.EXTI6_Callback
                0x0000000020000034        0x4 ./Core/Src/MCAL/MEXTI/MEXTI_Prog.o
 .bss.EXTI7_Callback
                0x0000000020000038        0x4 ./Core/Src/MCAL/MEXTI/MEXTI_Prog.o
 .bss.EXTI8_Callback
                0x000000002000003c        0x4 ./Core/Src/MCAL/MEXTI/MEXTI_Prog.o
 .bss.EXTI9_Callback
                0x0000000020000040        0x4 ./Core/Src/MCAL/MEXTI/MEXTI_Prog.o
 .bss.EXTI10_Callback
                0x0000000020000044        0x4 ./Core/Src/MCAL/MEXTI/MEXTI_Prog.o
 .bss.EXTI11_Callback
                0x0000000020000048        0x4 ./Core/Src/MCAL/MEXTI/MEXTI_Prog.o
 .bss.EXTI12_Callback
                0x000000002000004c        0x4 ./Core/Src/MCAL/MEXTI/MEXTI_Prog.o
 .bss.EXTI13_Callback
                0x0000000020000050        0x4 ./Core/Src/MCAL/MEXTI/MEXTI_Prog.o
 .bss.EXTI14_Callback
                0x0000000020000054        0x4 ./Core/Src/MCAL/MEXTI/MEXTI_Prog.o
 .bss.EXTI15_Callback
                0x0000000020000058        0x4 ./Core/Src/MCAL/MEXTI/MEXTI_Prog.o
 .bss.Global_u32SetGroupPriority
                0x000000002000005c        0x4 ./Core/Src/MCAL/MNVIC/MNVIC_Prog.o
                0x000000002000005c                Global_u32SetGroupPriority
 .bss.SPI1_Callback
                0x0000000020000060        0x4 ./Core/Src/MCAL/MSPI/MSPI_Program.o
 .bss.SPI2_Callback
                0x0000000020000064        0x4 ./Core/Src/MCAL/MSPI/MSPI_Program.o
 .bss.SPI3_Callback
                0x0000000020000068        0x4 ./Core/Src/MCAL/MSPI/MSPI_Program.o
 .bss.SPI4_Callback
                0x000000002000006c        0x4 ./Core/Src/MCAL/MSPI/MSPI_Program.o
 .bss.callbacksys
                0x0000000020000070        0x4 ./Core/Src/MCAL/MSTK/MSTK_Prog.o
                0x0000000020000070                callbacksys
 .bss.park1     0x0000000020000074        0x1 ./Core/Src/MCAL/MTIM/MTIM_Program.o
                0x0000000020000074                park1
 .bss.park2     0x0000000020000075        0x1 ./Core/Src/MCAL/MTIM/MTIM_Program.o
                0x0000000020000075                park2
 .bss.park3     0x0000000020000076        0x1 ./Core/Src/MCAL/MTIM/MTIM_Program.o
                0x0000000020000076                park3
 *fill*         0x0000000020000077        0x1 
 .bss.USART_CallBack
                0x0000000020000078        0x4 ./Core/Src/MCAL/MUSART/MUSART_Prog.o
 .bss.park_1    0x000000002000007c        0x1 ./Core/Src/main.o
                0x000000002000007c                park_1
 .bss.park_2    0x000000002000007d        0x1 ./Core/Src/main.o
                0x000000002000007d                park_2
 .bss.park_3    0x000000002000007e        0x1 ./Core/Src/main.o
                0x000000002000007e                park_3
 .bss.g_rec_p1  0x000000002000007f        0x1 ./Core/Src/main.o
                0x000000002000007f                g_rec_p1
 .bss.g_rec_p2  0x0000000020000080        0x1 ./Core/Src/main.o
                0x0000000020000080                g_rec_p2
 .bss.g_rec_p3  0x0000000020000081        0x1 ./Core/Src/main.o
                0x0000000020000081                g_rec_p3
 .bss.dummy_comms_val
                0x0000000020000082        0x1 ./Core/Src/main.o
                0x0000000020000082                dummy_comms_val
 .bss.g_gate_in
                0x0000000020000083        0x1 ./Core/Src/main.o
                0x0000000020000083                g_gate_in
 .bss.g_gate_out
                0x0000000020000084        0x1 ./Core/Src/main.o
                0x0000000020000084                g_gate_out
 *(COMMON)
                0x0000000020000088                . = ALIGN (0x4)
 *fill*         0x0000000020000085        0x3 
                0x0000000020000088                _ebss = .
                0x0000000020000088                __bss_end__ = _ebss

._user_heap_stack
                0x0000000020000088      0x600 load address 0x0000000008002664
                0x0000000020000088                . = ALIGN (0x8)
                [!provide]                        PROVIDE (end = .)
                0x0000000020000088                PROVIDE (_end = .)
                0x0000000020000288                . = (. + _Min_Heap_Size)
 *fill*         0x0000000020000088      0x200 
                0x0000000020000688                . = (. + _Min_Stack_Size)
 *fill*         0x0000000020000288      0x400 
                0x0000000020000688                . = ALIGN (0x8)

/DISCARD/
 libc.a(*)
 libm.a(*)
 libgcc.a(*)

.ARM.attributes
                0x0000000000000000       0x30
 *(.ARM.attributes)
 .ARM.attributes
                0x0000000000000000       0x1e C:/ST/STM32CubeIDE_1.13.1/STM32CubeIDE/plugins/com.st.stm32cube.ide.mcu.externaltools.gnu-tools-for-stm32.11.3.rel1.win32_1.1.0.202305231506/tools/bin/../lib/gcc/arm-none-eabi/11.3.1/thumb/v7e-m+fp/hard/crti.o
 .ARM.attributes
                0x000000000000001e       0x34 C:/ST/STM32CubeIDE_1.13.1/STM32CubeIDE/plugins/com.st.stm32cube.ide.mcu.externaltools.gnu-tools-for-stm32.11.3.rel1.win32_1.1.0.202305231506/tools/bin/../lib/gcc/arm-none-eabi/11.3.1/thumb/v7e-m+fp/hard/crtbegin.o
 .ARM.attributes
                0x0000000000000052       0x34 ./Core/Src/HAL/Comms/Communication.o
 .ARM.attributes
                0x0000000000000086       0x34 ./Core/Src/HAL/DC_Motor/DC_Motor.o
 .ARM.attributes
                0x00000000000000ba       0x34 ./Core/Src/HAL/IR/IR_Control.o
 .ARM.attributes
                0x00000000000000ee       0x34 ./Core/Src/HAL/Push_Button/PB_Control.o
 .ARM.attributes
                0x0000000000000122       0x34 ./Core/Src/MCAL/MEXTI/MEXTI_Prog.o
 .ARM.attributes
                0x0000000000000156       0x34 ./Core/Src/MCAL/MGPIO/MGPIO_Prog.o
 .ARM.attributes
                0x000000000000018a       0x34 ./Core/Src/MCAL/MNVIC/MNVIC_Prog.o
 .ARM.attributes
                0x00000000000001be       0x34 ./Core/Src/MCAL/MRCC/MRCC_Prog.o
 .ARM.attributes
                0x00000000000001f2       0x34 ./Core/Src/MCAL/MSPI/MSPI_Program.o
 .ARM.attributes
                0x0000000000000226       0x34 ./Core/Src/MCAL/MSTK/MSTK_Prog.o
 .ARM.attributes
                0x000000000000025a       0x34 ./Core/Src/MCAL/MTIM/MTIM_Program.o
 .ARM.attributes
                0x000000000000028e       0x34 ./Core/Src/MCAL/MUSART/MUSART_Prog.o
 .ARM.attributes
                0x00000000000002c2       0x34 ./Core/Src/main.o
 .ARM.attributes
                0x00000000000002f6       0x34 ./Core/Src/stm32f4xx_it.o
 .ARM.attributes
                0x000000000000032a       0x34 ./Core/Src/system_stm32f4xx.o
 .ARM.attributes
                0x000000000000035e       0x21 ./Core/Startup/startup_stm32f401ccux.o
 .ARM.attributes
                0x000000000000037f       0x34 C:/ST/STM32CubeIDE_1.13.1/STM32CubeIDE/plugins/com.st.stm32cube.ide.mcu.externaltools.gnu-tools-for-stm32.11.3.rel1.win32_1.1.0.202305231506/tools/bin/../lib/gcc/arm-none-eabi/11.3.1/../../../../arm-none-eabi/lib/thumb/v7e-m+fp/hard\libc_nano.a(libc_a-init.o)
 .ARM.attributes
                0x00000000000003b3       0x1e C:/ST/STM32CubeIDE_1.13.1/STM32CubeIDE/plugins/com.st.stm32cube.ide.mcu.externaltools.gnu-tools-for-stm32.11.3.rel1.win32_1.1.0.202305231506/tools/bin/../lib/gcc/arm-none-eabi/11.3.1/thumb/v7e-m+fp/hard\libgcc.a(_arm_addsubdf3.o)
 .ARM.attributes
                0x00000000000003d1       0x1e C:/ST/STM32CubeIDE_1.13.1/STM32CubeIDE/plugins/com.st.stm32cube.ide.mcu.externaltools.gnu-tools-for-stm32.11.3.rel1.win32_1.1.0.202305231506/tools/bin/../lib/gcc/arm-none-eabi/11.3.1/thumb/v7e-m+fp/hard\libgcc.a(_arm_muldivdf3.o)
 .ARM.attributes
                0x00000000000003ef       0x1e C:/ST/STM32CubeIDE_1.13.1/STM32CubeIDE/plugins/com.st.stm32cube.ide.mcu.externaltools.gnu-tools-for-stm32.11.3.rel1.win32_1.1.0.202305231506/tools/bin/../lib/gcc/arm-none-eabi/11.3.1/thumb/v7e-m+fp/hard\libgcc.a(_arm_fixunsdfsi.o)
 .ARM.attributes
                0x000000000000040d       0x1e C:/ST/STM32CubeIDE_1.13.1/STM32CubeIDE/plugins/com.st.stm32cube.ide.mcu.externaltools.gnu-tools-for-stm32.11.3.rel1.win32_1.1.0.202305231506/tools/bin/../lib/gcc/arm-none-eabi/11.3.1/thumb/v7e-m+fp/hard/crtn.o
OUTPUT(MCU_1.elf elf32-littlearm)
LOAD linker stubs
LOAD C:/ST/STM32CubeIDE_1.13.1/STM32CubeIDE/plugins/com.st.stm32cube.ide.mcu.externaltools.gnu-tools-for-stm32.11.3.rel1.win32_1.1.0.202305231506/tools/bin/../lib/gcc/arm-none-eabi/11.3.1/../../../../arm-none-eabi/lib/thumb/v7e-m+fp/hard\libc.a
LOAD C:/ST/STM32CubeIDE_1.13.1/STM32CubeIDE/plugins/com.st.stm32cube.ide.mcu.externaltools.gnu-tools-for-stm32.11.3.rel1.win32_1.1.0.202305231506/tools/bin/../lib/gcc/arm-none-eabi/11.3.1/../../../../arm-none-eabi/lib/thumb/v7e-m+fp/hard\libm.a
LOAD C:/ST/STM32CubeIDE_1.13.1/STM32CubeIDE/plugins/com.st.stm32cube.ide.mcu.externaltools.gnu-tools-for-stm32.11.3.rel1.win32_1.1.0.202305231506/tools/bin/../lib/gcc/arm-none-eabi/11.3.1/thumb/v7e-m+fp/hard\libgcc.a

.comment        0x0000000000000000       0x43
 .comment       0x0000000000000000       0x43 C:/ST/STM32CubeIDE_1.13.1/STM32CubeIDE/plugins/com.st.stm32cube.ide.mcu.externaltools.gnu-tools-for-stm32.11.3.rel1.win32_1.1.0.202305231506/tools/bin/../lib/gcc/arm-none-eabi/11.3.1/thumb/v7e-m+fp/hard/crtbegin.o
                                         0x44 (size before relaxing)
 .comment       0x0000000000000043       0x44 ./Core/Src/HAL/Comms/Communication.o
 .comment       0x0000000000000043       0x44 ./Core/Src/HAL/DC_Motor/DC_Motor.o
 .comment       0x0000000000000043       0x44 ./Core/Src/HAL/IR/IR_Control.o
 .comment       0x0000000000000043       0x44 ./Core/Src/HAL/Push_Button/PB_Control.o
 .comment       0x0000000000000043       0x44 ./Core/Src/MCAL/MEXTI/MEXTI_Prog.o
 .comment       0x0000000000000043       0x44 ./Core/Src/MCAL/MGPIO/MGPIO_Prog.o
 .comment       0x0000000000000043       0x44 ./Core/Src/MCAL/MNVIC/MNVIC_Prog.o
 .comment       0x0000000000000043       0x44 ./Core/Src/MCAL/MRCC/MRCC_Prog.o
 .comment       0x0000000000000043       0x44 ./Core/Src/MCAL/MSPI/MSPI_Program.o
 .comment       0x0000000000000043       0x44 ./Core/Src/MCAL/MSTK/MSTK_Prog.o
 .comment       0x0000000000000043       0x44 ./Core/Src/MCAL/MTIM/MTIM_Program.o
 .comment       0x0000000000000043       0x44 ./Core/Src/MCAL/MUSART/MUSART_Prog.o
 .comment       0x0000000000000043       0x44 ./Core/Src/main.o
 .comment       0x0000000000000043       0x44 ./Core/Src/stm32f4xx_it.o
 .comment       0x0000000000000043       0x44 ./Core/Src/system_stm32f4xx.o

.debug_info     0x0000000000000000     0x348e
 .debug_info    0x0000000000000000      0x3f7 ./Core/Src/HAL/Comms/Communication.o
 .debug_info    0x00000000000003f7      0x126 ./Core/Src/HAL/DC_Motor/DC_Motor.o
 .debug_info    0x000000000000051d      0x4c4 ./Core/Src/HAL/IR/IR_Control.o
 .debug_info    0x00000000000009e1      0x4c4 ./Core/Src/HAL/Push_Button/PB_Control.o
 .debug_info    0x0000000000000ea5      0x50e ./Core/Src/MCAL/MEXTI/MEXTI_Prog.o
 .debug_info    0x00000000000013b3      0x34c ./Core/Src/MCAL/MGPIO/MGPIO_Prog.o
 .debug_info    0x00000000000016ff      0x2b0 ./Core/Src/MCAL/MNVIC/MNVIC_Prog.o
 .debug_info    0x00000000000019af      0x3a2 ./Core/Src/MCAL/MRCC/MRCC_Prog.o
 .debug_info    0x0000000000001d51      0x3ba ./Core/Src/MCAL/MSPI/MSPI_Program.o
 .debug_info    0x000000000000210b      0x201 ./Core/Src/MCAL/MSTK/MSTK_Prog.o
 .debug_info    0x000000000000230c      0x450 ./Core/Src/MCAL/MTIM/MTIM_Program.o
 .debug_info    0x000000000000275c      0x2cd ./Core/Src/MCAL/MUSART/MUSART_Prog.o
 .debug_info    0x0000000000002a29      0x40c ./Core/Src/main.o
 .debug_info    0x0000000000002e35       0xf8 ./Core/Src/stm32f4xx_it.o
 .debug_info    0x0000000000002f2d      0x53e ./Core/Src/system_stm32f4xx.o
 .debug_info    0x000000000000346b       0x23 ./Core/Startup/startup_stm32f401ccux.o

.debug_abbrev   0x0000000000000000     0x11af
 .debug_abbrev  0x0000000000000000      0x15f ./Core/Src/HAL/Comms/Communication.o
 .debug_abbrev  0x000000000000015f       0xd4 ./Core/Src/HAL/DC_Motor/DC_Motor.o
 .debug_abbrev  0x0000000000000233      0x123 ./Core/Src/HAL/IR/IR_Control.o
 .debug_abbrev  0x0000000000000356      0x123 ./Core/Src/HAL/Push_Button/PB_Control.o
 .debug_abbrev  0x0000000000000479      0x14a ./Core/Src/MCAL/MEXTI/MEXTI_Prog.o
 .debug_abbrev  0x00000000000005c3      0x12c ./Core/Src/MCAL/MGPIO/MGPIO_Prog.o
 .debug_abbrev  0x00000000000006ef      0x135 ./Core/Src/MCAL/MNVIC/MNVIC_Prog.o
 .debug_abbrev  0x0000000000000824       0xe8 ./Core/Src/MCAL/MRCC/MRCC_Prog.o
 .debug_abbrev  0x000000000000090c      0x16e ./Core/Src/MCAL/MSPI/MSPI_Program.o
 .debug_abbrev  0x0000000000000a7a      0x160 ./Core/Src/MCAL/MSTK/MSTK_Prog.o
 .debug_abbrev  0x0000000000000bda      0x150 ./Core/Src/MCAL/MTIM/MTIM_Program.o
 .debug_abbrev  0x0000000000000d2a      0x17a ./Core/Src/MCAL/MUSART/MUSART_Prog.o
 .debug_abbrev  0x0000000000000ea4      0x198 ./Core/Src/main.o
 .debug_abbrev  0x000000000000103c       0x47 ./Core/Src/stm32f4xx_it.o
 .debug_abbrev  0x0000000000001083      0x11a ./Core/Src/system_stm32f4xx.o
 .debug_abbrev  0x000000000000119d       0x12 ./Core/Startup/startup_stm32f401ccux.o

.debug_aranges  0x0000000000000000      0x4c8
 .debug_aranges
                0x0000000000000000       0x38 ./Core/Src/HAL/Comms/Communication.o
 .debug_aranges
                0x0000000000000038       0x28 ./Core/Src/HAL/DC_Motor/DC_Motor.o
 .debug_aranges
                0x0000000000000060       0x30 ./Core/Src/HAL/IR/IR_Control.o
 .debug_aranges
                0x0000000000000090       0x30 ./Core/Src/HAL/Push_Button/PB_Control.o
 .debug_aranges
                0x00000000000000c0       0x90 ./Core/Src/MCAL/MEXTI/MEXTI_Prog.o
 .debug_aranges
                0x0000000000000150       0x60 ./Core/Src/MCAL/MGPIO/MGPIO_Prog.o
 .debug_aranges
                0x00000000000001b0       0x40 ./Core/Src/MCAL/MNVIC/MNVIC_Prog.o
 .debug_aranges
                0x00000000000001f0       0x30 ./Core/Src/MCAL/MRCC/MRCC_Prog.o
 .debug_aranges
                0x0000000000000220       0x98 ./Core/Src/MCAL/MSPI/MSPI_Program.o
 .debug_aranges
                0x00000000000002b8       0x68 ./Core/Src/MCAL/MSTK/MSTK_Prog.o
 .debug_aranges
                0x0000000000000320       0x48 ./Core/Src/MCAL/MTIM/MTIM_Program.o
 .debug_aranges
                0x0000000000000368       0x58 ./Core/Src/MCAL/MUSART/MUSART_Prog.o
 .debug_aranges
                0x00000000000003c0       0x60 ./Core/Src/main.o
 .debug_aranges
                0x0000000000000420       0x58 ./Core/Src/stm32f4xx_it.o
 .debug_aranges
                0x0000000000000478       0x28 ./Core/Src/system_stm32f4xx.o
 .debug_aranges
                0x00000000000004a0       0x28 ./Core/Startup/startup_stm32f401ccux.o

.debug_rnglists
                0x0000000000000000      0x363
 .debug_rnglists
                0x0000000000000000       0x25 ./Core/Src/HAL/Comms/Communication.o
 .debug_rnglists
                0x0000000000000025       0x1a ./Core/Src/HAL/DC_Motor/DC_Motor.o
 .debug_rnglists
                0x000000000000003f       0x20 ./Core/Src/HAL/IR/IR_Control.o
 .debug_rnglists
                0x000000000000005f       0x20 ./Core/Src/HAL/Push_Button/PB_Control.o
 .debug_rnglists
                0x000000000000007f       0x6c ./Core/Src/MCAL/MEXTI/MEXTI_Prog.o
 .debug_rnglists
                0x00000000000000eb       0x4c ./Core/Src/MCAL/MGPIO/MGPIO_Prog.o
 .debug_rnglists
                0x0000000000000137       0x2c ./Core/Src/MCAL/MNVIC/MNVIC_Prog.o
 .debug_rnglists
                0x0000000000000163       0x21 ./Core/Src/MCAL/MRCC/MRCC_Prog.o
 .debug_rnglists
                0x0000000000000184       0x6d ./Core/Src/MCAL/MSPI/MSPI_Program.o
 .debug_rnglists
                0x00000000000001f1       0x49 ./Core/Src/MCAL/MSTK/MSTK_Prog.o
 .debug_rnglists
                0x000000000000023a       0x34 ./Core/Src/MCAL/MTIM/MTIM_Program.o
 .debug_rnglists
                0x000000000000026e       0x3e ./Core/Src/MCAL/MUSART/MUSART_Prog.o
 .debug_rnglists
                0x00000000000002ac       0x47 ./Core/Src/main.o
 .debug_rnglists
                0x00000000000002f3       0x3d ./Core/Src/stm32f4xx_it.o
 .debug_rnglists
                0x0000000000000330       0x1a ./Core/Src/system_stm32f4xx.o
 .debug_rnglists
                0x000000000000034a       0x19 ./Core/Startup/startup_stm32f401ccux.o

.debug_macro    0x0000000000000000      0xe3a
 .debug_macro   0x0000000000000000       0x89 ./Core/Src/HAL/Comms/Communication.o
 .debug_macro   0x0000000000000089       0x9a ./Core/Src/HAL/Comms/Communication.o
 .debug_macro   0x0000000000000123       0x1c ./Core/Src/HAL/Comms/Communication.o
 .debug_macro   0x000000000000013f       0x5c ./Core/Src/HAL/DC_Motor/DC_Motor.o
 .debug_macro   0x000000000000019b       0x40 ./Core/Src/HAL/DC_Motor/DC_Motor.o
 .debug_macro   0x00000000000001db       0x72 ./Core/Src/HAL/IR/IR_Control.o
 .debug_macro   0x000000000000024d       0xac ./Core/Src/HAL/IR/IR_Control.o
 .debug_macro   0x00000000000002f9       0x72 ./Core/Src/HAL/Push_Button/PB_Control.o
 .debug_macro   0x000000000000036b       0xac ./Core/Src/HAL/Push_Button/PB_Control.o
 .debug_macro   0x0000000000000417       0x40 ./Core/Src/MCAL/MEXTI/MEXTI_Prog.o
 .debug_macro   0x0000000000000457       0x16 ./Core/Src/MCAL/MEXTI/MEXTI_Prog.o
 .debug_macro   0x000000000000046d       0x22 ./Core/Src/MCAL/MEXTI/MEXTI_Prog.o
 .debug_macro   0x000000000000048f       0x40 ./Core/Src/MCAL/MEXTI/MEXTI_Prog.o
 .debug_macro   0x00000000000004cf       0x45 ./Core/Src/MCAL/MGPIO/MGPIO_Prog.o
 .debug_macro   0x0000000000000514       0x40 ./Core/Src/MCAL/MNVIC/MNVIC_Prog.o
 .debug_macro   0x0000000000000554       0x28 ./Core/Src/MCAL/MNVIC/MNVIC_Prog.o
 .debug_macro   0x000000000000057c       0x3f ./Core/Src/MCAL/MRCC/MRCC_Prog.o
 .debug_macro   0x00000000000005bb       0x4c ./Core/Src/MCAL/MRCC/MRCC_Prog.o
 .debug_macro   0x0000000000000607       0x28 ./Core/Src/MCAL/MRCC/MRCC_Prog.o
 .debug_macro   0x000000000000062f       0x44 ./Core/Src/MCAL/MSPI/MSPI_Program.o
 .debug_macro   0x0000000000000673       0xca ./Core/Src/MCAL/MSPI/MSPI_Program.o
 .debug_macro   0x000000000000073d       0x3a ./Core/Src/MCAL/MSPI/MSPI_Program.o
 .debug_macro   0x0000000000000777       0x40 ./Core/Src/MCAL/MSTK/MSTK_Prog.o
 .debug_macro   0x00000000000007b7       0x16 ./Core/Src/MCAL/MSTK/MSTK_Prog.o
 .debug_macro   0x00000000000007cd       0x4f ./Core/Src/MCAL/MTIM/MTIM_Program.o
 .debug_macro   0x000000000000081c       0xc4 ./Core/Src/MCAL/MTIM/MTIM_Program.o
 .debug_macro   0x00000000000008e0       0x52 ./Core/Src/MCAL/MTIM/MTIM_Program.o
 .debug_macro   0x0000000000000932       0x2e ./Core/Src/MCAL/MTIM/MTIM_Program.o
 .debug_macro   0x0000000000000960       0x40 ./Core/Src/MCAL/MUSART/MUSART_Prog.o
 .debug_macro   0x00000000000009a0       0x34 ./Core/Src/MCAL/MUSART/MUSART_Prog.o
 .debug_macro   0x00000000000009d4       0xf2 ./Core/Src/main.o
 .debug_macro   0x0000000000000ac6      0x1c4 ./Core/Src/stm32f4xx_it.o
 .debug_macro   0x0000000000000c8a      0x1b0 ./Core/Src/system_stm32f4xx.o

.debug_line     0x0000000000000000     0x365d
 .debug_line    0x0000000000000000      0x2c9 ./Core/Src/HAL/Comms/Communication.o
 .debug_line    0x00000000000002c9      0x1b1 ./Core/Src/HAL/DC_Motor/DC_Motor.o
 .debug_line    0x000000000000047a      0x24f ./Core/Src/HAL/IR/IR_Control.o
 .debug_line    0x00000000000006c9      0x2c4 ./Core/Src/HAL/Push_Button/PB_Control.o
 .debug_line    0x000000000000098d      0x405 ./Core/Src/MCAL/MEXTI/MEXTI_Prog.o
 .debug_line    0x0000000000000d92      0x637 ./Core/Src/MCAL/MGPIO/MGPIO_Prog.o
 .debug_line    0x00000000000013c9      0x193 ./Core/Src/MCAL/MNVIC/MNVIC_Prog.o
 .debug_line    0x000000000000155c      0x10f ./Core/Src/MCAL/MRCC/MRCC_Prog.o
 .debug_line    0x000000000000166b      0x2fe ./Core/Src/MCAL/MSPI/MSPI_Program.o
 .debug_line    0x0000000000001969      0x1b8 ./Core/Src/MCAL/MSTK/MSTK_Prog.o
 .debug_line    0x0000000000001b21      0x283 ./Core/Src/MCAL/MTIM/MTIM_Program.o
 .debug_line    0x0000000000001da4      0x211 ./Core/Src/MCAL/MUSART/MUSART_Prog.o
 .debug_line    0x0000000000001fb5      0x707 ./Core/Src/main.o
 .debug_line    0x00000000000026bc      0x7a8 ./Core/Src/stm32f4xx_it.o
 .debug_line    0x0000000000002e64      0x77f ./Core/Src/system_stm32f4xx.o
 .debug_line    0x00000000000035e3       0x7a ./Core/Startup/startup_stm32f401ccux.o

.debug_str      0x0000000000000000    0x8071b
 .debug_str     0x0000000000000000     0x473d ./Core/Src/HAL/Comms/Communication.o
                                       0x47d7 (size before relaxing)
 .debug_str     0x000000000000473d      0x164 ./Core/Src/HAL/DC_Motor/DC_Motor.o
                                       0x434d (size before relaxing)
 .debug_str     0x00000000000048a1      0x322 ./Core/Src/HAL/IR/IR_Control.o
                                       0x486a (size before relaxing)
 .debug_str     0x0000000000004bc3       0x60 ./Core/Src/HAL/Push_Button/PB_Control.o
                                       0x4873 (size before relaxing)
 .debug_str     0x0000000000004c23      0x384 ./Core/Src/MCAL/MEXTI/MEXTI_Prog.o
                                       0x3484 (size before relaxing)
 .debug_str     0x0000000000004fa7      0x15a ./Core/Src/MCAL/MGPIO/MGPIO_Prog.o
                                       0x438a (size before relaxing)
 .debug_str     0x0000000000005101      0x1d4 ./Core/Src/MCAL/MNVIC/MNVIC_Prog.o
                                       0x3162 (size before relaxing)
 .debug_str     0x00000000000052d5      0x273 ./Core/Src/MCAL/MRCC/MRCC_Prog.o
                                       0x3375 (size before relaxing)
 .debug_str     0x0000000000005548      0x71b ./Core/Src/MCAL/MSPI/MSPI_Program.o
                                       0x37a9 (size before relaxing)
 .debug_str     0x0000000000005c63      0x199 ./Core/Src/MCAL/MSTK/MSTK_Prog.o
                                       0x3075 (size before relaxing)
 .debug_str     0x0000000000005dfc      0x4b0 ./Core/Src/MCAL/MTIM/MTIM_Program.o
                                       0x35c5 (size before relaxing)
 .debug_str     0x00000000000062ac      0x24b ./Core/Src/MCAL/MUSART/MUSART_Prog.o
                                       0x31b6 (size before relaxing)
 .debug_str     0x00000000000064f7       0xdb ./Core/Src/main.o
                                       0x486d (size before relaxing)
 .debug_str     0x00000000000065d2    0x79fc2 ./Core/Src/stm32f4xx_it.o
                                      0x7cfad (size before relaxing)
 .debug_str     0x0000000000080594      0x153 ./Core/Src/system_stm32f4xx.o
                                      0x7d105 (size before relaxing)
 .debug_str     0x00000000000806e7       0x34 ./Core/Startup/startup_stm32f401ccux.o
                                         0x4a (size before relaxing)

.debug_frame    0x0000000000000000     0x105c
 .debug_frame   0x0000000000000000       0xa0 ./Core/Src/HAL/Comms/Communication.o
 .debug_frame   0x00000000000000a0       0x50 ./Core/Src/HAL/DC_Motor/DC_Motor.o
 .debug_frame   0x00000000000000f0       0x80 ./Core/Src/HAL/IR/IR_Control.o
 .debug_frame   0x0000000000000170       0x80 ./Core/Src/HAL/Push_Button/PB_Control.o
 .debug_frame   0x00000000000001f0      0x214 ./Core/Src/MCAL/MEXTI/MEXTI_Prog.o
 .debug_frame   0x0000000000000404      0x178 ./Core/Src/MCAL/MGPIO/MGPIO_Prog.o
 .debug_frame   0x000000000000057c       0xd8 ./Core/Src/MCAL/MNVIC/MNVIC_Prog.o
 .debug_frame   0x0000000000000654       0x80 ./Core/Src/MCAL/MRCC/MRCC_Prog.o
 .debug_frame   0x00000000000006d4      0x240 ./Core/Src/MCAL/MSPI/MSPI_Program.o
 .debug_frame   0x0000000000000914      0x160 ./Core/Src/MCAL/MSTK/MSTK_Prog.o
 .debug_frame   0x0000000000000a74       0xf0 ./Core/Src/MCAL/MTIM/MTIM_Program.o
 .debug_frame   0x0000000000000b64      0x134 ./Core/Src/MCAL/MUSART/MUSART_Prog.o
 .debug_frame   0x0000000000000c98      0x138 ./Core/Src/main.o
 .debug_frame   0x0000000000000dd0       0xe8 ./Core/Src/stm32f4xx_it.o
 .debug_frame   0x0000000000000eb8       0x58 ./Core/Src/system_stm32f4xx.o
 .debug_frame   0x0000000000000f10       0x2c C:/ST/STM32CubeIDE_1.13.1/STM32CubeIDE/plugins/com.st.stm32cube.ide.mcu.externaltools.gnu-tools-for-stm32.11.3.rel1.win32_1.1.0.202305231506/tools/bin/../lib/gcc/arm-none-eabi/11.3.1/../../../../arm-none-eabi/lib/thumb/v7e-m+fp/hard\libc_nano.a(libc_a-init.o)
 .debug_frame   0x0000000000000f3c       0xac C:/ST/STM32CubeIDE_1.13.1/STM32CubeIDE/plugins/com.st.stm32cube.ide.mcu.externaltools.gnu-tools-for-stm32.11.3.rel1.win32_1.1.0.202305231506/tools/bin/../lib/gcc/arm-none-eabi/11.3.1/thumb/v7e-m+fp/hard\libgcc.a(_arm_addsubdf3.o)
 .debug_frame   0x0000000000000fe8       0x50 C:/ST/STM32CubeIDE_1.13.1/STM32CubeIDE/plugins/com.st.stm32cube.ide.mcu.externaltools.gnu-tools-for-stm32.11.3.rel1.win32_1.1.0.202305231506/tools/bin/../lib/gcc/arm-none-eabi/11.3.1/thumb/v7e-m+fp/hard\libgcc.a(_arm_muldivdf3.o)
 .debug_frame   0x0000000000001038       0x24 C:/ST/STM32CubeIDE_1.13.1/STM32CubeIDE/plugins/com.st.stm32cube.ide.mcu.externaltools.gnu-tools-for-stm32.11.3.rel1.win32_1.1.0.202305231506/tools/bin/../lib/gcc/arm-none-eabi/11.3.1/thumb/v7e-m+fp/hard\libgcc.a(_arm_fixunsdfsi.o)

.debug_line_str
                0x0000000000000000       0x3e
 .debug_line_str
                0x0000000000000000       0x3e ./Core/Startup/startup_stm32f401ccux.o
                                         0x56 (size before relaxing)
