../Core/Src/MCAL/MUSART/MUSART_Prog.c:43:6:MUSART_voidInit	32	static
../Core/Src/MCAL/MUSART/MUSART_Prog.c:126:6:MUSART_voidSendData	24	static
../Core/Src/MCAL/MUSART/MUSART_Prog.c:161:6:MUSART_voidSendString	24	static
../Core/Src/MCAL/MUSART/MUSART_Prog.c:199:4:MUSART_u8ReadData	24	static
../Core/Src/MCAL/MUSART/MUSART_Prog.c:251:6:MUSART_voidEnable	16	static
../Core/Src/MCAL/MUSART/MUSART_Prog.c:275:6:MUSART_voidDisable	16	static
../Core/Src/MCAL/MUSART/MUSART_Prog.c:300:6:MUSART_voidCallBack	16	static
../Core/Src/MCAL/MUSART/MUSART_Prog.c:316:6:USART1_IRQHandler	8	static
../Core/Src/MCAL/MUSART/MUSART_Prog.c:321:6:USART2_IRQHandler	8	static
../Core/Src/MCAL/MUSART/MUSART_Prog.c:326:6:USART6_IRQHandler	8	static
