../Core/Src/MCAL/MSTK/MSTK_Prog.c:47:6:MSTK_voidInit	4	static
../Core/Src/MCAL/MSTK/MSTK_Prog.c:59:6:MSTK_voidIntState	4	static
../Core/Src/MCAL/MSTK/MSTK_Prog.c:71:6:MSTK_voidStart	16	static
../Core/Src/MCAL/MSTK/MSTK_Prog.c:85:4:MSTK_u8ReadFlag	4	static
../Core/Src/MCAL/MSTK/MSTK_Prog.c:97:6:MSTK_voidDelayUsec	16	static
../Core/Src/MCAL/MSTK/MSTK_Prog.c:111:6:MSTK_voidDelayMsec	16	static
../Core/Src/MCAL/MSTK/MSTK_Prog.c:125:5:MSTK_u32GetElapsedTime	4	static
../Core/Src/MCAL/MSTK/MSTK_Prog.c:137:5:MSTK_u32GetRemainingTime	4	static
../Core/Src/MCAL/MSTK/MSTK_Prog.c:149:6:CALLBACKSYS	16	static
../Core/Src/MCAL/MSTK/MSTK_Prog.c:153:6:SysTick_Handler	8	static
