../Core/Src/MCAL/MUSART/MUSART_Prog.c:35:6:MUSART_voidInit	32	static
../Core/Src/MCAL/MUSART/MUSART_Prog.c:75:6:MUSART_voidSendData	24	static
../Core/Src/MCAL/MUSART/MUSART_Prog.c:94:6:MUSART_voidSendString	24	static
../Core/Src/MCAL/MUSART/MUSART_Prog.c:113:4:MUSART_u8ReadData	16	static
../Core/Src/MCAL/MUSART/MUSART_Prog.c:131:6:MUSART_voidEnable	4	static
../Core/Src/MCAL/MUSART/MUSART_Prog.c:144:6:MUSART_voidDisable	4	static
../Core/Src/MCAL/MUSART/MUSART_Prog.c:157:6:MUSART_voidCallBack	16	static
../Core/Src/MCAL/MUSART/MUSART_Prog.c:170:6:USART1_IRQHandler	8	static
