Archive member included to satisfy reference by file (symbol)

C:/ST/STM32CubeIDE_1.13.1/STM32CubeIDE/plugins/com.st.stm32cube.ide.mcu.externaltools.gnu-tools-for-stm32.11.3.rel1.win32_1.1.0.202305231506/tools/bin/../lib/gcc/arm-none-eabi/11.3.1/../../../../arm-none-eabi/lib/thumb/v7e-m+fp/hard\libc_nano.a(libc_a-exit.o)
                              C:/ST/STM32CubeIDE_1.13.1/STM32CubeIDE/plugins/com.st.stm32cube.ide.mcu.externaltools.gnu-tools-for-stm32.11.3.rel1.win32_1.1.0.202305231506/tools/bin/../lib/gcc/arm-none-eabi/11.3.1/../../../../arm-none-eabi/lib/thumb/v7e-m+fp/hard/crt0.o (exit)
C:/ST/STM32CubeIDE_1.13.1/STM32CubeIDE/plugins/com.st.stm32cube.ide.mcu.externaltools.gnu-tools-for-stm32.11.3.rel1.win32_1.1.0.202305231506/tools/bin/../lib/gcc/arm-none-eabi/11.3.1/../../../../arm-none-eabi/lib/thumb/v7e-m+fp/hard\libc_nano.a(libc_a-itoa.o)
                              ./Core/Src/HAL/LCD/LCD.o (itoa)
C:/ST/STM32CubeIDE_1.13.1/STM32CubeIDE/plugins/com.st.stm32cube.ide.mcu.externaltools.gnu-tools-for-stm32.11.3.rel1.win32_1.1.0.202305231506/tools/bin/../lib/gcc/arm-none-eabi/11.3.1/../../../../arm-none-eabi/lib/thumb/v7e-m+fp/hard\libc_nano.a(libc_a-utoa.o)
                              C:/ST/STM32CubeIDE_1.13.1/STM32CubeIDE/plugins/com.st.stm32cube.ide.mcu.externaltools.gnu-tools-for-stm32.11.3.rel1.win32_1.1.0.202305231506/tools/bin/../lib/gcc/arm-none-eabi/11.3.1/../../../../arm-none-eabi/lib/thumb/v7e-m+fp/hard\libc_nano.a(libc_a-itoa.o) (__utoa)
C:/ST/STM32CubeIDE_1.13.1/STM32CubeIDE/plugins/com.st.stm32cube.ide.mcu.externaltools.gnu-tools-for-stm32.11.3.rel1.win32_1.1.0.202305231506/tools/bin/../lib/gcc/arm-none-eabi/11.3.1/../../../../arm-none-eabi/lib/thumb/v7e-m+fp/hard\libc_nano.a(libc_a-findfp.o)
                              C:/ST/STM32CubeIDE_1.13.1/STM32CubeIDE/plugins/com.st.stm32cube.ide.mcu.externaltools.gnu-tools-for-stm32.11.3.rel1.win32_1.1.0.202305231506/tools/bin/../lib/gcc/arm-none-eabi/11.3.1/../../../../arm-none-eabi/lib/thumb/v7e-m+fp/hard\libc_nano.a(libc_a-exit.o) (__stdio_exit_handler)
C:/ST/STM32CubeIDE_1.13.1/STM32CubeIDE/plugins/com.st.stm32cube.ide.mcu.externaltools.gnu-tools-for-stm32.11.3.rel1.win32_1.1.0.202305231506/tools/bin/../lib/gcc/arm-none-eabi/11.3.1/../../../../arm-none-eabi/lib/thumb/v7e-m+fp/hard\libc_nano.a(libc_a-fwalk.o)
                              C:/ST/STM32CubeIDE_1.13.1/STM32CubeIDE/plugins/com.st.stm32cube.ide.mcu.externaltools.gnu-tools-for-stm32.11.3.rel1.win32_1.1.0.202305231506/tools/bin/../lib/gcc/arm-none-eabi/11.3.1/../../../../arm-none-eabi/lib/thumb/v7e-m+fp/hard\libc_nano.a(libc_a-findfp.o) (_fwalk_sglue)
C:/ST/STM32CubeIDE_1.13.1/STM32CubeIDE/plugins/com.st.stm32cube.ide.mcu.externaltools.gnu-tools-for-stm32.11.3.rel1.win32_1.1.0.202305231506/tools/bin/../lib/gcc/arm-none-eabi/11.3.1/../../../../arm-none-eabi/lib/thumb/v7e-m+fp/hard\libc_nano.a(libc_a-stdio.o)
                              C:/ST/STM32CubeIDE_1.13.1/STM32CubeIDE/plugins/com.st.stm32cube.ide.mcu.externaltools.gnu-tools-for-stm32.11.3.rel1.win32_1.1.0.202305231506/tools/bin/../lib/gcc/arm-none-eabi/11.3.1/../../../../arm-none-eabi/lib/thumb/v7e-m+fp/hard\libc_nano.a(libc_a-findfp.o) (__sread)
C:/ST/STM32CubeIDE_1.13.1/STM32CubeIDE/plugins/com.st.stm32cube.ide.mcu.externaltools.gnu-tools-for-stm32.11.3.rel1.win32_1.1.0.202305231506/tools/bin/../lib/gcc/arm-none-eabi/11.3.1/../../../../arm-none-eabi/lib/thumb/v7e-m+fp/hard\libc_nano.a(libc_a-memset.o)
                              C:/ST/STM32CubeIDE_1.13.1/STM32CubeIDE/plugins/com.st.stm32cube.ide.mcu.externaltools.gnu-tools-for-stm32.11.3.rel1.win32_1.1.0.202305231506/tools/bin/../lib/gcc/arm-none-eabi/11.3.1/../../../../arm-none-eabi/lib/thumb/v7e-m+fp/hard/crt0.o (memset)
C:/ST/STM32CubeIDE_1.13.1/STM32CubeIDE/plugins/com.st.stm32cube.ide.mcu.externaltools.gnu-tools-for-stm32.11.3.rel1.win32_1.1.0.202305231506/tools/bin/../lib/gcc/arm-none-eabi/11.3.1/../../../../arm-none-eabi/lib/thumb/v7e-m+fp/hard\libc_nano.a(libc_a-closer.o)
                              C:/ST/STM32CubeIDE_1.13.1/STM32CubeIDE/plugins/com.st.stm32cube.ide.mcu.externaltools.gnu-tools-for-stm32.11.3.rel1.win32_1.1.0.202305231506/tools/bin/../lib/gcc/arm-none-eabi/11.3.1/../../../../arm-none-eabi/lib/thumb/v7e-m+fp/hard\libc_nano.a(libc_a-stdio.o) (_close_r)
C:/ST/STM32CubeIDE_1.13.1/STM32CubeIDE/plugins/com.st.stm32cube.ide.mcu.externaltools.gnu-tools-for-stm32.11.3.rel1.win32_1.1.0.202305231506/tools/bin/../lib/gcc/arm-none-eabi/11.3.1/../../../../arm-none-eabi/lib/thumb/v7e-m+fp/hard\libc_nano.a(libc_a-reent.o)
                              C:/ST/STM32CubeIDE_1.13.1/STM32CubeIDE/plugins/com.st.stm32cube.ide.mcu.externaltools.gnu-tools-for-stm32.11.3.rel1.win32_1.1.0.202305231506/tools/bin/../lib/gcc/arm-none-eabi/11.3.1/../../../../arm-none-eabi/lib/thumb/v7e-m+fp/hard\libc_nano.a(libc_a-closer.o) (errno)
[...]
Memory Configuration

Name             Origin             Length             Attributes
RAM              0x0000000020000000 0x0000000000010000 xrw
FLASH            0x0000000008000000 0x0000000000040000 xr
*default*        0x0000000000000000 0xffffffffffffffff

Linker script and memory map

LOAD C:/ST/STM32CubeIDE_1.13.1/STM32CubeIDE/plugins/com.st.stm32cube.ide.mcu.externaltools.gnu-tools-for-stm32.11.3.rel1.win32_1.1.0.202305231506/tools/bin/../lib/gcc/arm-none-eabi/11.3.1/thumb/v7e-m+fp/hard/crti.o
LOAD C:/ST/STM32CubeIDE_1.13.1/STM32CubeIDE/plugins/com.st.stm32cube.ide.mcu.externaltools.gnu-tools-for-stm32.11.3.rel1.win32_1.1.0.202305231506/tools/bin/../lib/gcc/arm-none-eabi/11.3.1/thumb/v7e-m+fp/hard/crtbegin.o
LOAD C:/ST/STM32CubeIDE_1.13.1/STM32CubeIDE/plugins/com.st.stm32cube.ide.mcu.externaltools.gnu-tools-for-stm32.11.3.rel1.win32_1.1.0.202305231506/tools/bin/../lib/gcc/arm-none-eabi/11.3.1/../../../../arm-none-eabi/lib/thumb/v7e-m+fp/hard/crt0.o
LOAD ./Core/Src/HAL/Buzzer/Buzzer_Control.o
LOAD ./Core/Src/HAL/Comms/Communication.o
LOAD ./Core/Src/HAL/DC_Motor/DC_Motor.o
LOAD ./Core/Src/HAL/IR/IR_Control.o
LOAD ./Core/Src/HAL/KEYPAD/Keypad.o
LOAD ./Core/Src/HAL/LCD/LCD.o
LOAD ./Core/Src/HAL/LED/LED_Control.o
LOAD ./Core/Src/HAL/Push_Button/PB_Control.o
LOAD ./Core/Src/LIB/delay.o
LOAD ./Core/Src/MCAL/MEXTI/MEXTI_Prog.o
LOAD ./Core/Src/MCAL/MGPIO/MGPIO_Prog.o
LOAD ./Core/Src/MCAL/MNVIC/MNVIC_Prog.o
LOAD ./Core/Src/MCAL/MRCC/MRCC_Prog.o
LOAD ./Core/Src/MCAL/MSPI/MSPI_Program.o
LOAD ./Core/Src/MCAL/MSTK/MSTK_Prog.o
LOAD ./Core/Src/MCAL/MTIM/MTIM_Program.o
LOAD ./Core/Src/MCAL/MUSART/MUSART_Prog.o
LOAD ./Core/Src/main.o
LOAD ./Core/Src/stm32f4xx_hal_msp.o
LOAD ./Core/Src/stm32f4xx_it.o
LOAD ./Core/Src/syscalls.o
LOAD ./Core/Src/sysmem.o
LOAD ./Core/Src/system_stm32f4xx.o
LOAD ./Core/Startup/startup_stm32f401ccux.o
LOAD ./Drivers/STM32F4xx_HAL_Driver/Src/stm32f4xx_hal.o
LOAD ./Drivers/STM32F4xx_HAL_Driver/Src/stm32f4xx_hal_cortex.o
LOAD ./Drivers/STM32F4xx_HAL_Driver/Src/stm32f4xx_hal_dma.o
LOAD ./Drivers/STM32F4xx_HAL_Driver/Src/stm32f4xx_hal_dma_ex.o
LOAD ./Drivers/STM32F4xx_HAL_Driver/Src/stm32f4xx_hal_exti.o
LOAD ./Drivers/STM32F4xx_HAL_Driver/Src/stm32f4xx_hal_flash.o
LOAD ./Drivers/STM32F4xx_HAL_Driver/Src/stm32f4xx_hal_flash_ex.o
LOAD ./Drivers/STM32F4xx_HAL_Driver/Src/stm32f4xx_hal_flash_ramfunc.o
LOAD ./Drivers/STM32F4xx_HAL_Driver/Src/stm32f4xx_hal_gpio.o
LOAD ./Drivers/STM32F4xx_HAL_Driver/Src/stm32f4xx_hal_pwr.o
LOAD ./Drivers/STM32F4xx_HAL_Driver/Src/stm32f4xx_hal_pwr_ex.o
LOAD ./Drivers/STM32F4xx_HAL_Driver/Src/stm32f4xx_hal_rcc.o
LOAD ./Drivers/STM32F4xx_HAL_Driver/Src/stm32f4xx_hal_rcc_ex.o
START GROUP
LOAD C:/ST/STM32CubeIDE_1.13.1/STM32CubeIDE/plugins/com.st.stm32cube.ide.mcu.externaltools.gnu-tools-for-stm32.11.3.rel1.win32_1.1.0.202305231506/tools/bin/../lib/gcc/arm-none-eabi/11.3.1/../../../../arm-none-eabi/lib/thumb/v7e-m+fp/hard\libc_nano.a
LOAD C:/ST/STM32CubeIDE_1.13.1/STM32CubeIDE/plugins/com.st.stm32cube.ide.mcu.externaltools.gnu-tools-for-stm32.11.3.rel1.win32_1.1.0.202305231506/tools/bin/../lib/gcc/arm-none-eabi/11.3.1/../../../../arm-none-eabi/lib/thumb/v7e-m+fp/hard\libm.a
END GROUP
START GROUP
LOAD C:/ST/STM32CubeIDE_1.13.1/STM32CubeIDE/plugins/com.st.stm32cube.ide.mcu.externaltools.gnu-tools-for-stm32.11.3.rel1.win32_1.1.0.202305231506/tools/bin/../lib/gcc/arm-none-eabi/11.3.1/thumb/v7e-m+fp/hard\libgcc.a
LOAD C:/ST/STM32CubeIDE_1.13.1/STM32CubeIDE/plugins/com.st.stm32cube.ide.mcu.externaltools.gnu-tools-for-stm32.11.3.rel1.win32_1.1.0.202305231506/tools/bin/../lib/gcc/arm-none-eabi/11.3.1/../../../../arm-none-eabi/lib/thumb/v7e-m+fp/hard\libc_nano.a
END GROUP
START GROUP
LOAD C:/ST/STM32CubeIDE_1.13.1/STM32CubeIDE/plugins/com.st.stm32cube.ide.mcu.externaltools.gnu-tools-for-stm32.11.3.rel1.win32_1.1.0.202305231506/tools/bin/../lib/gcc/arm-none-eabi/11.3.1/thumb/v7e-m+fp/hard\libgcc.a
LOAD C:/ST/STM32CubeIDE_1.13.1/STM32CubeIDE/plugins/com.st.stm32cube.ide.mcu.externaltools.gnu-tools-for-stm32.11.3.rel1.win32_1.1.0.202305231506/tools/bin/../lib/gcc/arm-none-eabi/11.3.1/../../../../arm-none-eabi/lib/thumb/v7e-m+fp/hard\libc_nano.a
LOAD C:/ST/STM32CubeIDE_1.13.1/STM32CubeIDE/plugins/com.st.stm32cube.ide.mcu.externaltools.gnu-tools-for-stm32.11.3.rel1.win32_1.1.0.202305231506/tools/bin/../lib/gcc/arm-none-eabi/11.3.1/../../../../arm-none-eabi/lib/thumb/v7e-m+fp/hard\libnosys.a
END GROUP
START GROUP
LOAD C:/ST/STM32CubeIDE_1.13.1/STM32CubeIDE/plugins/com.st.stm32cube.ide.mcu.externaltools.gnu-tools-for-stm32.11.3.rel1.win32_1.1.0.202305231506/tools/bin/../lib/gcc/arm-none-eabi/11.3.1/thumb/v7e-m+fp/hard\libgcc.a
LOAD C:/ST/STM32CubeIDE_1.13.1/STM32CubeIDE/plugins/com.st.stm32cube.ide.mcu.externaltools.gnu-tools-for-stm32.11.3.rel1.win32_1.1.0.202305231506/tools/bin/../lib/gcc/arm-none-eabi/11.3.1/../../../../arm-none-eabi/lib/thumb/v7e-m+fp/hard\libc_nano.a
LOAD C:/ST/STM32CubeIDE_1.13.1/STM32CubeIDE/plugins/com.st.stm32cube.ide.mcu.externaltools.gnu-tools-for-stm32.11.3.rel1.win32_1.1.0.202305231506/tools/bin/../lib/gcc/arm-none-eabi/11.3.1/../../../../arm-none-eabi/lib/thumb/v7e-m+fp/hard\libnosys.a
END GROUP
LOAD C:/ST/STM32CubeIDE_1.13.1/STM32CubeIDE/plugins/com.st.stm32cube.ide.mcu.externaltools.gnu-tools-for-stm32.11.3.rel1.win32_1.1.0.202305231506/tools/bin/../lib/gcc/arm-none-eabi/11.3.1/thumb/v7e-m+fp/hard/crtend.o
LOAD C:/ST/STM32CubeIDE_1.13.1/STM32CubeIDE/plugins/com.st.stm32cube.ide.mcu.externaltools.gnu-tools-for-stm32.11.3.rel1.win32_1.1.0.202305231506/tools/bin/../lib/gcc/arm-none-eabi/11.3.1/thumb/v7e-m+fp/hard/crtn.o
                0x0000000020010000                _estack = (ORIGIN (RAM) + LENGTH (RAM))
                0x0000000000000200                _Min_Heap_Size = 0x200
                0x0000000000000400                _Min_Stack_Size = 0x400

.isr_vector     0x0000000008000000      0x194
                0x0000000008000000                . = ALIGN (0x4)
 *(.isr_vector)
 .isr_vector    0x0000000008000000      0x194 ./Core/Startup/startup_stm32f401ccux.o
                0x0000000008000000                g_pfnVectors
                0x0000000008000194                . = ALIGN (0x4)

.text           0x0000000008000194     0x1f60
                0x0000000008000194                . = ALIGN (0x4)
 *(.text)
 .text          0x0000000008000194       0x40 C:/ST/STM32CubeIDE_1.13.1/STM32CubeIDE/plugins/com.st.stm32cube.ide.mcu.externaltools.gnu-tools-for-stm32.11.3.rel1.win32_1.1.0.202305231506/tools/bin/../lib/gcc/arm-none-eabi/11.3.1/thumb/v7e-m+fp/hard/crtbegin.o
 *(.text*)
 .text.Comms_Init
                0x00000000080001d4       0x62 ./Core/Src/HAL/Comms/Communication.o
                0x00000000080001d4                Comms_Init
 .text.Comms_Enable_Disable
                0x0000000008000236       0x28 ./Core/Src/HAL/Comms/Communication.o
                0x0000000008000236                Comms_Enable_Disable
 .text.Comms_Read_Write
                0x000000000800025e       0x4a ./Core/Src/HAL/Comms/Communication.o
                0x000000000800025e                Comms_Read_Write
 .text.Comms_SetCallBack
                0x00000000080002a8       0x3a ./Core/Src/HAL/Comms/Communication.o
                0x00000000080002a8                Comms_SetCallBack
 .text.KEYPAD_getPressedKey
                0x00000000080002e2      0x13a ./Core/Src/HAL/KEYPAD/Keypad.o
                0x00000000080002e2                KEYPAD_getPressedKey
 .text.KEYPAD_4x4_adjustKeyNumber
                0x000000000800041c       0xd0 ./Core/Src/HAL/KEYPAD/Keypad.o
 .text.LCD_init
                0x00000000080004ec       0x70 ./Core/Src/HAL/LCD/LCD.o
                0x00000000080004ec                LCD_init
 .text.LCD_sendCommand
                0x000000000800055c      0x114 ./Core/Src/HAL/LCD/LCD.o
                0x000000000800055c                LCD_sendCommand
 .text.LCD_displayCharacter
                0x0000000008000670      0x114 ./Core/Src/HAL/LCD/LCD.o
                0x0000000008000670                LCD_displayCharacter
 .text.LCD_displayString
                0x0000000008000784       0x38 ./Core/Src/HAL/LCD/LCD.o
                0x0000000008000784                LCD_displayString
 .text.LCD_moveCursor
                0x00000000080007bc       0x60 ./Core/Src/HAL/LCD/LCD.o
                0x00000000080007bc                LCD_moveCursor
 .text.LCD_displayStringRowColumn
                0x000000000800081c       0x2a ./Core/Src/HAL/LCD/LCD.o
                0x000000000800081c                LCD_displayStringRowColumn
 .text.LCD_intgerToString
                0x0000000008000846       0x28 ./Core/Src/HAL/LCD/LCD.o
                0x0000000008000846                LCD_intgerToString
 .text.LCD_clearScreen
                0x000000000800086e        0xe ./Core/Src/HAL/LCD/LCD.o
                0x000000000800086e                LCD_clearScreen
 .text.PB_InterruptInit
                0x000000000800087c       0xec ./Core/Src/HAL/Push_Button/PB_Control.o
                0x000000000800087c                PB_InterruptInit
 .text._delay_ms
                0x0000000008000968       0x3e ./Core/Src/LIB/delay.o
                0x0000000008000968                _delay_ms
 *fill*         0x00000000080009a6        0x2 
 .text.MEXTI_vHWInterruptEnable
                0x00000000080009a8       0x30 ./Core/Src/MCAL/MEXTI/MEXTI_Prog.o
                0x00000000080009a8                MEXTI_vHWInterruptEnable
 .text.MEXTI_vSetTriggerType
                0x00000000080009d8       0x8c ./Core/Src/MCAL/MEXTI/MEXTI_Prog.o
                0x00000000080009d8                MEXTI_vSetTriggerType
 .text.MEXTI_vSetExtiConfig
                0x0000000008000a64      0x2a0 ./Core/Src/MCAL/MEXTI/MEXTI_Prog.o
                0x0000000008000a64                MEXTI_vSetExtiConfig
 .text.MEXTI_vSetCallback
                0x0000000008000d04      0x128 ./Core/Src/MCAL/MEXTI/MEXTI_Prog.o
                0x0000000008000d04                MEXTI_vSetCallback
 .text.EXTI0_IRQHandler
                0x0000000008000e2c       0x24 ./Core/Src/MCAL/MEXTI/MEXTI_Prog.o
                0x0000000008000e2c                EXTI0_IRQHandler
 .text.EXTI1_IRQHandler
                0x0000000008000e50       0x24 ./Core/Src/MCAL/MEXTI/MEXTI_Prog.o
                0x0000000008000e50                EXTI1_IRQHandler
 .text.EXTI2_IRQHandler
                0x0000000008000e74       0x24 ./Core/Src/MCAL/MEXTI/MEXTI_Prog.o
                0x0000000008000e74                EXTI2_IRQHandler
 .text.EXTI3_IRQHandler
                0x0000000008000e98       0x24 ./Core/Src/MCAL/MEXTI/MEXTI_Prog.o
                0x0000000008000e98                EXTI3_IRQHandler
 .text.EXTI4_IRQHandler
                0x0000000008000ebc       0x24 ./Core/Src/MCAL/MEXTI/MEXTI_Prog.o
                0x0000000008000ebc                EXTI4_IRQHandler
 .text.EXTI9_5_IRQHandler
                0x0000000008000ee0       0xc0 ./Core/Src/MCAL/MEXTI/MEXTI_Prog.o
                0x0000000008000ee0                EXTI9_5_IRQHandler
 .text.EXTI15_10_IRQHandler
                0x0000000008000fa0       0xe4 ./Core/Src/MCAL/MEXTI/MEXTI_Prog.o
                0x0000000008000fa0                EXTI15_10_IRQHandler
 .text.MGPIO_voidSetPinMode
                0x0000000008001084       0xf0 ./Core/Src/MCAL/MGPIO/MGPIO_Prog.o
                0x0000000008001084                MGPIO_voidSetPinMode
 .text.MGPIO_voidSetPullType
                0x0000000008001174       0xe0 ./Core/Src/MCAL/MGPIO/MGPIO_Prog.o
                0x0000000008001174                MGPIO_voidSetPullType
 .text.MGPIO_u8ReadData
                0x0000000008001254       0xd8 ./Core/Src/MCAL/MGPIO/MGPIO_Prog.o
                0x0000000008001254                MGPIO_u8ReadData
 .text.MGPIO_voidWriteData
                0x000000000800132c      0x1a8 ./Core/Src/MCAL/MGPIO/MGPIO_Prog.o
                0x000000000800132c                MGPIO_voidWriteData
 .text.MGPIO_voidSetPinAltFn
                0x00000000080014d4      0x1c8 ./Core/Src/MCAL/MGPIO/MGPIO_Prog.o
                0x00000000080014d4                MGPIO_voidSetPinAltFn
 .text.MNVIC_vInterruptSetEnable
                0x000000000800169c       0x40 ./Core/Src/MCAL/MNVIC/MNVIC_Prog.o
                0x000000000800169c                MNVIC_vInterruptSetEnable
 .text.MNVIC_vSetGroupMode
                0x00000000080016dc       0x38 ./Core/Src/MCAL/MNVIC/MNVIC_Prog.o
                0x00000000080016dc                MNVIC_vSetGroupMode
 .text.MNVIC_vSetInterruptPriority
                0x0000000008001714       0xa4 ./Core/Src/MCAL/MNVIC/MNVIC_Prog.o
                0x0000000008001714                MNVIC_vSetInterruptPriority
 .text.MRCC_vInit
                0x00000000080017b8       0x50 ./Core/Src/MCAL/MRCC/MRCC_Prog.o
                0x00000000080017b8                MRCC_vInit
 .text.MRCC_vEnableClock
                0x0000000008001808       0x98 ./Core/Src/MCAL/MRCC/MRCC_Prog.o
                0x0000000008001808                MRCC_vEnableClock
 .text.SPI1_IRQHandler
                0x00000000080018a0       0x14 ./Core/Src/MCAL/MSPI/MSPI_Program.o
                0x00000000080018a0                SPI1_IRQHandler
 .text.SPI2_IRQHandler
                0x00000000080018b4       0x14 ./Core/Src/MCAL/MSPI/MSPI_Program.o
                0x00000000080018b4                SPI2_IRQHandler
 .text.SPI3_IRQHandler
                0x00000000080018c8       0x14 ./Core/Src/MCAL/MSPI/MSPI_Program.o
                0x00000000080018c8                SPI3_IRQHandler
 .text.SPI4_IRQHandler
                0x00000000080018dc       0x14 ./Core/Src/MCAL/MSPI/MSPI_Program.o
                0x00000000080018dc                SPI4_IRQHandler
 .text.TIM2_IRQHandler
                0x00000000080018f0       0x3c ./Core/Src/MCAL/MTIM/MTIM_Program.o
                0x00000000080018f0                TIM2_IRQHandler
 .text.TIM3_IRQHandler
                0x000000000800192c       0x3c ./Core/Src/MCAL/MTIM/MTIM_Program.o
                0x000000000800192c                TIM3_IRQHandler
 .text.TIM4_IRQHandler
                0x0000000008001968       0x3c ./Core/Src/MCAL/MTIM/MTIM_Program.o
                0x0000000008001968                TIM4_IRQHandler
 .text.MUSART_voidInit
                0x00000000080019a4       0xdc ./Core/Src/MCAL/MUSART/MUSART_Prog.o
                0x00000000080019a4                MUSART_voidInit
 .text.MUSART_voidSendData
                0x0000000008001a80       0x4c ./Core/Src/MCAL/MUSART/MUSART_Prog.o
                0x0000000008001a80                MUSART_voidSendData
 .text.MUSART_u8ReadData
                0x0000000008001acc       0x30 ./Core/Src/MCAL/MUSART/MUSART_Prog.o
                0x0000000008001acc                MUSART_u8ReadData
 .text.MUSART_voidEnable
                0x0000000008001afc       0x20 ./Core/Src/MCAL/MUSART/MUSART_Prog.o
                0x0000000008001afc                MUSART_voidEnable
 .text.MUSART_voidDisable
                0x0000000008001b1c       0x20 ./Core/Src/MCAL/MUSART/MUSART_Prog.o
                0x0000000008001b1c                MUSART_voidDisable
 .text.MUSART_voidCallBack
                0x0000000008001b3c       0x20 ./Core/Src/MCAL/MUSART/MUSART_Prog.o
                0x0000000008001b3c                MUSART_voidCallBack
 .text.USART1_IRQHandler
                0x0000000008001b5c       0x14 ./Core/Src/MCAL/MUSART/MUSART_Prog.o
                0x0000000008001b5c                USART1_IRQHandler
 .text.Parking_3
                0x0000000008001b70       0x58 ./Core/Src/main.o
                0x0000000008001b70                Parking_3
 .text.Parking_2
                0x0000000008001bc8       0x58 ./Core/Src/main.o
                0x0000000008001bc8                Parking_2
 .text.Parking_1
                0x0000000008001c20       0x58 ./Core/Src/main.o
                0x0000000008001c20                Parking_1
 .text.SaveData
                0x0000000008001c78       0x70 ./Core/Src/main.o
                0x0000000008001c78                SaveData
 .text.Give_LeftOver
                0x0000000008001ce8       0x48 ./Core/Src/main.o
                0x0000000008001ce8                Give_LeftOver
 .text.Get_Amount
                0x0000000008001d30       0xc8 ./Core/Src/main.o
                0x0000000008001d30                Get_Amount
 .text.main     0x0000000008001df8      0x124 ./Core/Src/main.o
                0x0000000008001df8                main
 .text.NMI_Handler
                0x0000000008001f1c        0x6 ./Core/Src/stm32f4xx_it.o
                0x0000000008001f1c                NMI_Handler
 .text.HardFault_Handler
                0x0000000008001f22        0x6 ./Core/Src/stm32f4xx_it.o
                0x0000000008001f22                HardFault_Handler
 .text.MemManage_Handler
                0x0000000008001f28        0x6 ./Core/Src/stm32f4xx_it.o
                0x0000000008001f28                MemManage_Handler
 .text.BusFault_Handler
                0x0000000008001f2e        0x6 ./Core/Src/stm32f4xx_it.o
                0x0000000008001f2e                BusFault_Handler
 .text.UsageFault_Handler
                0x0000000008001f34        0x6 ./Core/Src/stm32f4xx_it.o
                0x0000000008001f34                UsageFault_Handler
 .text.SVC_Handler
                0x0000000008001f3a        0xe ./Core/Src/stm32f4xx_it.o
                0x0000000008001f3a                SVC_Handler
 .text.DebugMon_Handler
                0x0000000008001f48        0xe ./Core/Src/stm32f4xx_it.o
                0x0000000008001f48                DebugMon_Handler
 .text.PendSV_Handler
                0x0000000008001f56        0xe ./Core/Src/stm32f4xx_it.o
                0x0000000008001f56                PendSV_Handler
 .text.SystemInit
                0x0000000008001f64       0x24 ./Core/Src/system_stm32f4xx.o
                0x0000000008001f64                SystemInit
 .text.Reset_Handler
                0x0000000008001f88       0x50 ./Core/Startup/startup_stm32f401ccux.o
                0x0000000008001f88                Reset_Handler
 .text.Default_Handler
                0x0000000008001fd8        0x2 ./Core/Startup/startup_stm32f401ccux.o
                0x0000000008001fd8                RTC_Alarm_IRQHandler
                0x0000000008001fd8                TIM1_CC_IRQHandler
                0x0000000008001fd8                DMA2_Stream5_IRQHandler
                0x0000000008001fd8                DMA1_Stream5_IRQHandler
                0x0000000008001fd8                SysTick_Handler
                0x0000000008001fd8                PVD_IRQHandler
                0x0000000008001fd8                SDIO_IRQHandler
                0x0000000008001fd8                TAMP_STAMP_IRQHandler
                0x0000000008001fd8                TIM1_UP_TIM10_IRQHandler
                0x0000000008001fd8                I2C3_ER_IRQHandler
                0x0000000008001fd8                I2C2_EV_IRQHandler
                0x0000000008001fd8                DMA1_Stream2_IRQHandler
                0x0000000008001fd8                FPU_IRQHandler
                0x0000000008001fd8                DMA2_Stream2_IRQHandler
                0x0000000008001fd8                TIM1_BRK_TIM9_IRQHandler
                0x0000000008001fd8                DMA2_Stream3_IRQHandler
                0x0000000008001fd8                USART6_IRQHandler
                0x0000000008001fd8                DMA2_Stream0_IRQHandler
                0x0000000008001fd8                I2C1_EV_IRQHandler
                0x0000000008001fd8                DMA1_Stream6_IRQHandler
                0x0000000008001fd8                DMA1_Stream1_IRQHandler
                0x0000000008001fd8                RCC_IRQHandler
                0x0000000008001fd8                Default_Handler
                0x0000000008001fd8                ADC_IRQHandler
                0x0000000008001fd8                DMA1_Stream7_IRQHandler
                0x0000000008001fd8                TIM5_IRQHandler
                0x0000000008001fd8                DMA2_Stream7_IRQHandler
                0x0000000008001fd8                I2C3_EV_IRQHandler
                0x0000000008001fd8                RTC_WKUP_IRQHandler
                0x0000000008001fd8                DMA1_Stream0_IRQHandler
                0x0000000008001fd8                WWDG_IRQHandler
                0x0000000008001fd8                OTG_FS_WKUP_IRQHandler
                0x0000000008001fd8                TIM1_TRG_COM_TIM11_IRQHandler
                0x0000000008001fd8                USART2_IRQHandler
                0x0000000008001fd8                I2C2_ER_IRQHandler
                0x0000000008001fd8                DMA2_Stream1_IRQHandler
                0x0000000008001fd8                FLASH_IRQHandler
                0x0000000008001fd8                DMA2_Stream4_IRQHandler
                0x0000000008001fd8                OTG_FS_IRQHandler
                0x0000000008001fd8                DMA1_Stream4_IRQHandler
                0x0000000008001fd8                I2C1_ER_IRQHandler
                0x0000000008001fd8                DMA2_Stream6_IRQHandler
                0x0000000008001fd8                DMA1_Stream3_IRQHandler
 .text.__itoa   0x0000000008001fda       0x30 C:/ST/STM32CubeIDE_1.13.1/STM32CubeIDE/plugins/com.st.stm32cube.ide.mcu.externaltools.gnu-tools-for-stm32.11.3.rel1.win32_1.1.0.202305231506/tools/bin/../lib/gcc/arm-none-eabi/11.3.1/../../../../arm-none-eabi/lib/thumb/v7e-m+fp/hard\libc_nano.a(libc_a-itoa.o)
                0x0000000008001fda                __itoa
 .text.itoa     0x000000000800200a        0x4 C:/ST/STM32CubeIDE_1.13.1/STM32CubeIDE/plugins/com.st.stm32cube.ide.mcu.externaltools.gnu-tools-for-stm32.11.3.rel1.win32_1.1.0.202305231506/tools/bin/../lib/gcc/arm-none-eabi/11.3.1/../../../../arm-none-eabi/lib/thumb/v7e-m+fp/hard\libc_nano.a(libc_a-itoa.o)
                0x000000000800200a                itoa
 *fill*         0x000000000800200e        0x2 
 .text.__utoa   0x0000000008002010       0x84 C:/ST/STM32CubeIDE_1.13.1/STM32CubeIDE/plugins/com.st.stm32cube.ide.mcu.externaltools.gnu-tools-for-stm32.11.3.rel1.win32_1.1.0.202305231506/tools/bin/../lib/gcc/arm-none-eabi/11.3.1/../../../../arm-none-eabi/lib/thumb/v7e-m+fp/hard\libc_nano.a(libc_a-utoa.o)
                0x0000000008002010                __utoa
 .text.__libc_init_array
                0x0000000008002094       0x48 C:/ST/STM32CubeIDE_1.13.1/STM32CubeIDE/plugins/com.st.stm32cube.ide.mcu.externaltools.gnu-tools-for-stm32.11.3.rel1.win32_1.1.0.202305231506/tools/bin/../lib/gcc/arm-none-eabi/11.3.1/../../../../arm-none-eabi/lib/thumb/v7e-m+fp/hard\libc_nano.a(libc_a-init.o)
                0x0000000008002094                __libc_init_array
 *(.glue_7)
 .glue_7        0x00000000080020dc        0x0 linker stubs
 *(.glue_7t)
 .glue_7t       0x00000000080020dc        0x0 linker stubs
 *(.eh_frame)
 .eh_frame      0x00000000080020dc        0x0 C:/ST/STM32CubeIDE_1.13.1/STM32CubeIDE/plugins/com.st.stm32cube.ide.mcu.externaltools.gnu-tools-for-stm32.11.3.rel1.win32_1.1.0.202305231506/tools/bin/../lib/gcc/arm-none-eabi/11.3.1/thumb/v7e-m+fp/hard/crtbegin.o
 *(.init)
 .init          0x00000000080020dc        0x4 C:/ST/STM32CubeIDE_1.13.1/STM32CubeIDE/plugins/com.st.stm32cube.ide.mcu.externaltools.gnu-tools-for-stm32.11.3.rel1.win32_1.1.0.202305231506/tools/bin/../lib/gcc/arm-none-eabi/11.3.1/thumb/v7e-m+fp/hard/crti.o
                0x00000000080020dc                _init
 .init          0x00000000080020e0        0x8 C:/ST/STM32CubeIDE_1.13.1/STM32CubeIDE/plugins/com.st.stm32cube.ide.mcu.externaltools.gnu-tools-for-stm32.11.3.rel1.win32_1.1.0.202305231506/tools/bin/../lib/gcc/arm-none-eabi/11.3.1/thumb/v7e-m+fp/hard/crtn.o
 *(.fini)
 .fini          0x00000000080020e8        0x4 C:/ST/STM32CubeIDE_1.13.1/STM32CubeIDE/plugins/com.st.stm32cube.ide.mcu.externaltools.gnu-tools-for-stm32.11.3.rel1.win32_1.1.0.202305231506/tools/bin/../lib/gcc/arm-none-eabi/11.3.1/thumb/v7e-m+fp/hard/crti.o
                0x00000000080020e8                _fini
 .fini          0x00000000080020ec        0x8 C:/ST/STM32CubeIDE_1.13.1/STM32CubeIDE/plugins/com.st.stm32cube.ide.mcu.externaltools.gnu-tools-for-stm32.11.3.rel1.win32_1.1.0.202305231506/tools/bin/../lib/gcc/arm-none-eabi/11.3.1/thumb/v7e-m+fp/hard/crtn.o
                0x00000000080020f4                . = ALIGN (0x4)
                0x00000000080020f4                _etext = .

.vfp11_veneer   0x00000000080020f4        0x0
 .vfp11_veneer  0x00000000080020f4        0x0 linker stubs

.v4_bx          0x00000000080020f4        0x0
 .v4_bx         0x00000000080020f4        0x0 linker stubs

.iplt           0x00000000080020f4        0x0
 .iplt          0x00000000080020f4        0x0 C:/ST/STM32CubeIDE_1.13.1/STM32CubeIDE/plugins/com.st.stm32cube.ide.mcu.externaltools.gnu-tools-for-stm32.11.3.rel1.win32_1.1.0.202305231506/tools/bin/../lib/gcc/arm-none-eabi/11.3.1/thumb/v7e-m+fp/hard/crtbegin.o

.rodata         0x00000000080020f4       0x80
                0x00000000080020f4                . = ALIGN (0x4)
 *(.rodata)
 .rodata        0x00000000080020f4       0x59 ./Core/Src/main.o
 *(.rodata*)
 .rodata.__utoa.str1.1
                0x000000000800214d       0x25 C:/ST/STM32CubeIDE_1.13.1/STM32CubeIDE/plugins/com.st.stm32cube.ide.mcu.externaltools.gnu-tools-for-stm32.11.3.rel1.win32_1.1.0.202305231506/tools/bin/../lib/gcc/arm-none-eabi/11.3.1/../../../../arm-none-eabi/lib/thumb/v7e-m+fp/hard\libc_nano.a(libc_a-utoa.o)
                0x0000000008002174                . = ALIGN (0x4)
 *fill*         0x0000000008002172        0x2 

.rel.dyn        0x0000000008002174        0x0
 .rel.iplt      0x0000000008002174        0x0 C:/ST/STM32CubeIDE_1.13.1/STM32CubeIDE/plugins/com.st.stm32cube.ide.mcu.externaltools.gnu-tools-for-stm32.11.3.rel1.win32_1.1.0.202305231506/tools/bin/../lib/gcc/arm-none-eabi/11.3.1/thumb/v7e-m+fp/hard/crtbegin.o

.ARM.extab      0x0000000008002174        0x0
                0x0000000008002174                . = ALIGN (0x4)
 *(.ARM.extab* .gnu.linkonce.armextab.*)
                0x0000000008002174                . = ALIGN (0x4)

.ARM            0x0000000008002174        0x0
                0x0000000008002174                . = ALIGN (0x4)
                0x0000000008002174                __exidx_start = .
 *(.ARM.exidx*)
                0x0000000008002174                __exidx_end = .
                0x0000000008002174                . = ALIGN (0x4)

.preinit_array  0x0000000008002174        0x0
                0x0000000008002174                . = ALIGN (0x4)
                0x0000000008002174                PROVIDE (__preinit_array_start = .)
 *(.preinit_array*)
                0x0000000008002174                PROVIDE (__preinit_array_end = .)
                0x0000000008002174                . = ALIGN (0x4)

.init_array     0x0000000008002174        0x4
                0x0000000008002174                . = ALIGN (0x4)
                0x0000000008002174                PROVIDE (__init_array_start = .)
 *(SORT_BY_NAME(.init_array.*))
 *(.init_array*)
 .init_array    0x0000000008002174        0x4 C:/ST/STM32CubeIDE_1.13.1/STM32CubeIDE/plugins/com.st.stm32cube.ide.mcu.externaltools.gnu-tools-for-stm32.11.3.rel1.win32_1.1.0.202305231506/tools/bin/../lib/gcc/arm-none-eabi/11.3.1/thumb/v7e-m+fp/hard/crtbegin.o
                0x0000000008002178                PROVIDE (__init_array_end = .)
                0x0000000008002178                . = ALIGN (0x4)

.fini_array     0x0000000008002178        0x4
                0x0000000008002178                . = ALIGN (0x4)
                [!provide]                        PROVIDE (__fini_array_start = .)
 *(SORT_BY_NAME(.fini_array.*))
 *(.fini_array*)
 .fini_array    0x0000000008002178        0x4 C:/ST/STM32CubeIDE_1.13.1/STM32CubeIDE/plugins/com.st.stm32cube.ide.mcu.externaltools.gnu-tools-for-stm32.11.3.rel1.win32_1.1.0.202305231506/tools/bin/../lib/gcc/arm-none-eabi/11.3.1/thumb/v7e-m+fp/hard/crtbegin.o
                [!provide]                        PROVIDE (__fini_array_end = .)
                0x000000000800217c                . = ALIGN (0x4)
                0x000000000800217c                _sidata = LOADADDR (.data)

.data           0x0000000020000000        0x4 load address 0x000000000800217c
                0x0000000020000000                . = ALIGN (0x4)
                0x0000000020000000                _sdata = .
 *(.data)
 *(.data*)
 .data.success  0x0000000020000000        0x1 ./Core/Src/main.o
                0x0000000020000000                success
 *(.RamFunc)
 *(.RamFunc*)
                0x0000000020000004                . = ALIGN (0x4)
 *fill*         0x0000000020000001        0x3 
                0x0000000020000004                _edata = .

.igot.plt       0x0000000020000004        0x0 load address 0x0000000008002180
 .igot.plt      0x0000000020000004        0x0 C:/ST/STM32CubeIDE_1.13.1/STM32CubeIDE/plugins/com.st.stm32cube.ide.mcu.externaltools.gnu-tools-for-stm32.11.3.rel1.win32_1.1.0.202305231506/tools/bin/../lib/gcc/arm-none-eabi/11.3.1/thumb/v7e-m+fp/hard/crtbegin.o
                0x0000000020000004                . = ALIGN (0x4)

.bss            0x0000000020000004       0x88 load address 0x0000000008002180
                0x0000000020000004                _sbss = .
                0x0000000020000004                __bss_start__ = _sbss
 *(.bss)
 .bss           0x0000000020000004       0x1c C:/ST/STM32CubeIDE_1.13.1/STM32CubeIDE/plugins/com.st.stm32cube.ide.mcu.externaltools.gnu-tools-for-stm32.11.3.rel1.win32_1.1.0.202305231506/tools/bin/../lib/gcc/arm-none-eabi/11.3.1/thumb/v7e-m+fp/hard/crtbegin.o
 *(.bss*)
 .bss.EXTI0_Callback
                0x0000000020000020        0x4 ./Core/Src/MCAL/MEXTI/MEXTI_Prog.o
 .bss.EXTI1_Callback
                0x0000000020000024        0x4 ./Core/Src/MCAL/MEXTI/MEXTI_Prog.o
 .bss.EXTI2_Callback
                0x0000000020000028        0x4 ./Core/Src/MCAL/MEXTI/MEXTI_Prog.o
 .bss.EXTI3_Callback
                0x000000002000002c        0x4 ./Core/Src/MCAL/MEXTI/MEXTI_Prog.o
 .bss.EXTI4_Callback
                0x0000000020000030        0x4 ./Core/Src/MCAL/MEXTI/MEXTI_Prog.o
 .bss.EXTI5_Callback
                0x0000000020000034        0x4 ./Core/Src/MCAL/MEXTI/MEXTI_Prog.o
 .bss.EXTI6_Callback
                0x0000000020000038        0x4 ./Core/Src/MCAL/MEXTI/MEXTI_Prog.o
 .bss.EXTI7_Callback
                0x000000002000003c        0x4 ./Core/Src/MCAL/MEXTI/MEXTI_Prog.o
 .bss.EXTI8_Callback
                0x0000000020000040        0x4 ./Core/Src/MCAL/MEXTI/MEXTI_Prog.o
 .bss.EXTI9_Callback
                0x0000000020000044        0x4 ./Core/Src/MCAL/MEXTI/MEXTI_Prog.o
 .bss.EXTI10_Callback
                0x0000000020000048        0x4 ./Core/Src/MCAL/MEXTI/MEXTI_Prog.o
 .bss.EXTI11_Callback
                0x000000002000004c        0x4 ./Core/Src/MCAL/MEXTI/MEXTI_Prog.o
 .bss.EXTI12_Callback
                0x0000000020000050        0x4 ./Core/Src/MCAL/MEXTI/MEXTI_Prog.o
 .bss.EXTI13_Callback
                0x0000000020000054        0x4 ./Core/Src/MCAL/MEXTI/MEXTI_Prog.o
 .bss.EXTI14_Callback
                0x0000000020000058        0x4 ./Core/Src/MCAL/MEXTI/MEXTI_Prog.o
 .bss.EXTI15_Callback
                0x000000002000005c        0x4 ./Core/Src/MCAL/MEXTI/MEXTI_Prog.o
 .bss.Global_u32SetGroupPriority
                0x0000000020000060        0x4 ./Core/Src/MCAL/MNVIC/MNVIC_Prog.o
                0x0000000020000060                Global_u32SetGroupPriority
 .bss.SPI1_Callback
                0x0000000020000064        0x4 ./Core/Src/MCAL/MSPI/MSPI_Program.o
 .bss.SPI2_Callback
                0x0000000020000068        0x4 ./Core/Src/MCAL/MSPI/MSPI_Program.o
 .bss.SPI3_Callback
                0x000000002000006c        0x4 ./Core/Src/MCAL/MSPI/MSPI_Program.o
 .bss.SPI4_Callback
                0x0000000020000070        0x4 ./Core/Src/MCAL/MSPI/MSPI_Program.o
 .bss.park1     0x0000000020000074        0x1 ./Core/Src/MCAL/MTIM/MTIM_Program.o
                0x0000000020000074                park1
 .bss.park2     0x0000000020000075        0x1 ./Core/Src/MCAL/MTIM/MTIM_Program.o
                0x0000000020000075                park2
 .bss.park3     0x0000000020000076        0x1 ./Core/Src/MCAL/MTIM/MTIM_Program.o
                0x0000000020000076                park3
 *fill*         0x0000000020000077        0x1 
 .bss.USART_CallBack
                0x0000000020000078        0x4 ./Core/Src/MCAL/MUSART/MUSART_Prog.o
 .bss.Price     0x000000002000007c        0xc ./Core/Src/main.o
                0x000000002000007c                Price
 .bss.dummy_comms_val
                0x0000000020000088        0x1 ./Core/Src/main.o
                0x0000000020000088                dummy_comms_val
 .bss.g_rec_flag
                0x0000000020000089        0x1 ./Core/Src/main.o
                0x0000000020000089                g_rec_flag
 .bss.g_get_amount
                0x000000002000008a        0x1 ./Core/Src/main.o
                0x000000002000008a                g_get_amount
 .bss.Park_ID.0
                0x000000002000008b        0x1 ./Core/Src/main.o
 *(COMMON)
                0x000000002000008c                . = ALIGN (0x4)
                0x000000002000008c                _ebss = .
                0x000000002000008c                __bss_end__ = _ebss

._user_heap_stack
                0x000000002000008c      0x604 load address 0x0000000008002180
                0x0000000020000090                . = ALIGN (0x8)
 *fill*         0x000000002000008c        0x4 
                [!provide]                        PROVIDE (end = .)
                0x0000000020000090                PROVIDE (_end = .)
                0x0000000020000290                . = (. + _Min_Heap_Size)
 *fill*         0x0000000020000090      0x200 
                0x0000000020000690                . = (. + _Min_Stack_Size)
 *fill*         0x0000000020000290      0x400 
                0x0000000020000690                . = ALIGN (0x8)

/DISCARD/
 libc.a(*)
 libm.a(*)
 libgcc.a(*)

.ARM.attributes
                0x0000000000000000       0x30
 *(.ARM.attributes)
 .ARM.attributes
                0x0000000000000000       0x1e C:/ST/STM32CubeIDE_1.13.1/STM32CubeIDE/plugins/com.st.stm32cube.ide.mcu.externaltools.gnu-tools-for-stm32.11.3.rel1.win32_1.1.0.202305231506/tools/bin/../lib/gcc/arm-none-eabi/11.3.1/thumb/v7e-m+fp/hard/crti.o
 .ARM.attributes
                0x000000000000001e       0x34 C:/ST/STM32CubeIDE_1.13.1/STM32CubeIDE/plugins/com.st.stm32cube.ide.mcu.externaltools.gnu-tools-for-stm32.11.3.rel1.win32_1.1.0.202305231506/tools/bin/../lib/gcc/arm-none-eabi/11.3.1/thumb/v7e-m+fp/hard/crtbegin.o
 .ARM.attributes
                0x0000000000000052       0x34 ./Core/Src/HAL/Comms/Communication.o
 .ARM.attributes
                0x0000000000000086       0x34 ./Core/Src/HAL/KEYPAD/Keypad.o
 .ARM.attributes
                0x00000000000000ba       0x34 ./Core/Src/HAL/LCD/LCD.o
 .ARM.attributes
                0x00000000000000ee       0x34 ./Core/Src/HAL/Push_Button/PB_Control.o
 .ARM.attributes
                0x0000000000000122       0x34 ./Core/Src/LIB/delay.o
 .ARM.attributes
                0x0000000000000156       0x34 ./Core/Src/MCAL/MEXTI/MEXTI_Prog.o
 .ARM.attributes
                0x000000000000018a       0x34 ./Core/Src/MCAL/MGPIO/MGPIO_Prog.o
 .ARM.attributes
                0x00000000000001be       0x34 ./Core/Src/MCAL/MNVIC/MNVIC_Prog.o
 .ARM.attributes
                0x00000000000001f2       0x34 ./Core/Src/MCAL/MRCC/MRCC_Prog.o
 .ARM.attributes
                0x0000000000000226       0x34 ./Core/Src/MCAL/MSPI/MSPI_Program.o
 .ARM.attributes
                0x000000000000025a       0x34 ./Core/Src/MCAL/MTIM/MTIM_Program.o
 .ARM.attributes
                0x000000000000028e       0x34 ./Core/Src/MCAL/MUSART/MUSART_Prog.o
 .ARM.attributes
                0x00000000000002c2       0x34 ./Core/Src/main.o
 .ARM.attributes
                0x00000000000002f6       0x34 ./Core/Src/stm32f4xx_it.o
 .ARM.attributes
                0x000000000000032a       0x34 ./Core/Src/system_stm32f4xx.o
 .ARM.attributes
                0x000000000000035e       0x21 ./Core/Startup/startup_stm32f401ccux.o
 .ARM.attributes
                0x000000000000037f       0x34 C:/ST/STM32CubeIDE_1.13.1/STM32CubeIDE/plugins/com.st.stm32cube.ide.mcu.externaltools.gnu-tools-for-stm32.11.3.rel1.win32_1.1.0.202305231506/tools/bin/../lib/gcc/arm-none-eabi/11.3.1/../../../../arm-none-eabi/lib/thumb/v7e-m+fp/hard\libc_nano.a(libc_a-itoa.o)
 .ARM.attributes
                0x00000000000003b3       0x34 C:/ST/STM32CubeIDE_1.13.1/STM32CubeIDE/plugins/com.st.stm32cube.ide.mcu.externaltools.gnu-tools-for-stm32.11.3.rel1.win32_1.1.0.202305231506/tools/bin/../lib/gcc/arm-none-eabi/11.3.1/../../../../arm-none-eabi/lib/thumb/v7e-m+fp/hard\libc_nano.a(libc_a-utoa.o)
 .ARM.attributes
                0x00000000000003e7       0x34 C:/ST/STM32CubeIDE_1.13.1/STM32CubeIDE/plugins/com.st.stm32cube.ide.mcu.externaltools.gnu-tools-for-stm32.11.3.rel1.win32_1.1.0.202305231506/tools/bin/../lib/gcc/arm-none-eabi/11.3.1/../../../../arm-none-eabi/lib/thumb/v7e-m+fp/hard\libc_nano.a(libc_a-init.o)
 .ARM.attributes
                0x000000000000041b       0x1e C:/ST/STM32CubeIDE_1.13.1/STM32CubeIDE/plugins/com.st.stm32cube.ide.mcu.externaltools.gnu-tools-for-stm32.11.3.rel1.win32_1.1.0.202305231506/tools/bin/../lib/gcc/arm-none-eabi/11.3.1/thumb/v7e-m+fp/hard/crtn.o
OUTPUT(MCU_2.elf elf32-littlearm)
LOAD linker stubs
LOAD C:/ST/STM32CubeIDE_1.13.1/STM32CubeIDE/plugins/com.st.stm32cube.ide.mcu.externaltools.gnu-tools-for-stm32.11.3.rel1.win32_1.1.0.202305231506/tools/bin/../lib/gcc/arm-none-eabi/11.3.1/../../../../arm-none-eabi/lib/thumb/v7e-m+fp/hard\libc.a
LOAD C:/ST/STM32CubeIDE_1.13.1/STM32CubeIDE/plugins/com.st.stm32cube.ide.mcu.externaltools.gnu-tools-for-stm32.11.3.rel1.win32_1.1.0.202305231506/tools/bin/../lib/gcc/arm-none-eabi/11.3.1/../../../../arm-none-eabi/lib/thumb/v7e-m+fp/hard\libm.a
LOAD C:/ST/STM32CubeIDE_1.13.1/STM32CubeIDE/plugins/com.st.stm32cube.ide.mcu.externaltools.gnu-tools-for-stm32.11.3.rel1.win32_1.1.0.202305231506/tools/bin/../lib/gcc/arm-none-eabi/11.3.1/thumb/v7e-m+fp/hard\libgcc.a

.comment        0x0000000000000000       0x43
 .comment       0x0000000000000000       0x43 C:/ST/STM32CubeIDE_1.13.1/STM32CubeIDE/plugins/com.st.stm32cube.ide.mcu.externaltools.gnu-tools-for-stm32.11.3.rel1.win32_1.1.0.202305231506/tools/bin/../lib/gcc/arm-none-eabi/11.3.1/thumb/v7e-m+fp/hard/crtbegin.o
                                         0x44 (size before relaxing)
 .comment       0x0000000000000043       0x44 ./Core/Src/HAL/Comms/Communication.o
 .comment       0x0000000000000043       0x44 ./Core/Src/HAL/KEYPAD/Keypad.o
 .comment       0x0000000000000043       0x44 ./Core/Src/HAL/LCD/LCD.o
 .comment       0x0000000000000043       0x44 ./Core/Src/HAL/Push_Button/PB_Control.o
 .comment       0x0000000000000043       0x44 ./Core/Src/LIB/delay.o
 .comment       0x0000000000000043       0x44 ./Core/Src/MCAL/MEXTI/MEXTI_Prog.o
 .comment       0x0000000000000043       0x44 ./Core/Src/MCAL/MGPIO/MGPIO_Prog.o
 .comment       0x0000000000000043       0x44 ./Core/Src/MCAL/MNVIC/MNVIC_Prog.o
 .comment       0x0000000000000043       0x44 ./Core/Src/MCAL/MRCC/MRCC_Prog.o
 .comment       0x0000000000000043       0x44 ./Core/Src/MCAL/MSPI/MSPI_Program.o
 .comment       0x0000000000000043       0x44 ./Core/Src/MCAL/MTIM/MTIM_Program.o
 .comment       0x0000000000000043       0x44 ./Core/Src/MCAL/MUSART/MUSART_Prog.o
 .comment       0x0000000000000043       0x44 ./Core/Src/main.o
 .comment       0x0000000000000043       0x44 ./Core/Src/stm32f4xx_it.o
 .comment       0x0000000000000043       0x44 ./Core/Src/system_stm32f4xx.o

.debug_info     0x0000000000000000     0x3320
 .debug_info    0x0000000000000000      0x3f7 ./Core/Src/HAL/Comms/Communication.o
 .debug_info    0x00000000000003f7      0x281 ./Core/Src/HAL/KEYPAD/Keypad.o
 .debug_info    0x0000000000000678      0x39e ./Core/Src/HAL/LCD/LCD.o
 .debug_info    0x0000000000000a16      0x4c4 ./Core/Src/HAL/Push_Button/PB_Control.o
 .debug_info    0x0000000000000eda       0xd2 ./Core/Src/LIB/delay.o
 .debug_info    0x0000000000000fac      0x50e ./Core/Src/MCAL/MEXTI/MEXTI_Prog.o
 .debug_info    0x00000000000014ba      0x34c ./Core/Src/MCAL/MGPIO/MGPIO_Prog.o
 .debug_info    0x0000000000001806      0x2b0 ./Core/Src/MCAL/MNVIC/MNVIC_Prog.o
 .debug_info    0x0000000000001ab6      0x3a2 ./Core/Src/MCAL/MRCC/MRCC_Prog.o
 .debug_info    0x0000000000001e58      0x3ba ./Core/Src/MCAL/MSPI/MSPI_Program.o
 .debug_info    0x0000000000002212      0x450 ./Core/Src/MCAL/MTIM/MTIM_Program.o
 .debug_info    0x0000000000002662      0x2cd ./Core/Src/MCAL/MUSART/MUSART_Prog.o
 .debug_info    0x000000000000292f      0x398 ./Core/Src/main.o
 .debug_info    0x0000000000002cc7       0xf8 ./Core/Src/stm32f4xx_it.o
 .debug_info    0x0000000000002dbf      0x53e ./Core/Src/system_stm32f4xx.o
 .debug_info    0x00000000000032fd       0x23 ./Core/Startup/startup_stm32f401ccux.o

.debug_abbrev   0x0000000000000000     0x112d
 .debug_abbrev  0x0000000000000000      0x15f ./Core/Src/HAL/Comms/Communication.o
 .debug_abbrev  0x000000000000015f      0x10c ./Core/Src/HAL/KEYPAD/Keypad.o
 .debug_abbrev  0x000000000000026b      0x144 ./Core/Src/HAL/LCD/LCD.o
 .debug_abbrev  0x00000000000003af      0x123 ./Core/Src/HAL/Push_Button/PB_Control.o
 .debug_abbrev  0x00000000000004d2       0x80 ./Core/Src/LIB/delay.o
 .debug_abbrev  0x0000000000000552      0x14a ./Core/Src/MCAL/MEXTI/MEXTI_Prog.o
 .debug_abbrev  0x000000000000069c      0x12c ./Core/Src/MCAL/MGPIO/MGPIO_Prog.o
 .debug_abbrev  0x00000000000007c8      0x135 ./Core/Src/MCAL/MNVIC/MNVIC_Prog.o
 .debug_abbrev  0x00000000000008fd       0xe8 ./Core/Src/MCAL/MRCC/MRCC_Prog.o
 .debug_abbrev  0x00000000000009e5      0x16e ./Core/Src/MCAL/MSPI/MSPI_Program.o
 .debug_abbrev  0x0000000000000b53      0x150 ./Core/Src/MCAL/MTIM/MTIM_Program.o
 .debug_abbrev  0x0000000000000ca3      0x17a ./Core/Src/MCAL/MUSART/MUSART_Prog.o
 .debug_abbrev  0x0000000000000e1d      0x19d ./Core/Src/main.o
 .debug_abbrev  0x0000000000000fba       0x47 ./Core/Src/stm32f4xx_it.o
 .debug_abbrev  0x0000000000001001      0x11a ./Core/Src/system_stm32f4xx.o
 .debug_abbrev  0x000000000000111b       0x12 ./Core/Startup/startup_stm32f401ccux.o

.debug_aranges  0x0000000000000000      0x498
 .debug_aranges
                0x0000000000000000       0x38 ./Core/Src/HAL/Comms/Communication.o
 .debug_aranges
                0x0000000000000038       0x28 ./Core/Src/HAL/KEYPAD/Keypad.o
 .debug_aranges
                0x0000000000000060       0x58 ./Core/Src/HAL/LCD/LCD.o
 .debug_aranges
                0x00000000000000b8       0x30 ./Core/Src/HAL/Push_Button/PB_Control.o
 .debug_aranges
                0x00000000000000e8       0x20 ./Core/Src/LIB/delay.o
 .debug_aranges
                0x0000000000000108       0x90 ./Core/Src/MCAL/MEXTI/MEXTI_Prog.o
 .debug_aranges
                0x0000000000000198       0x60 ./Core/Src/MCAL/MGPIO/MGPIO_Prog.o
 .debug_aranges
                0x00000000000001f8       0x40 ./Core/Src/MCAL/MNVIC/MNVIC_Prog.o
 .debug_aranges
                0x0000000000000238       0x30 ./Core/Src/MCAL/MRCC/MRCC_Prog.o
 .debug_aranges
                0x0000000000000268       0x98 ./Core/Src/MCAL/MSPI/MSPI_Program.o
 .debug_aranges
                0x0000000000000300       0x48 ./Core/Src/MCAL/MTIM/MTIM_Program.o
 .debug_aranges
                0x0000000000000348       0x58 ./Core/Src/MCAL/MUSART/MUSART_Prog.o
 .debug_aranges
                0x00000000000003a0       0x50 ./Core/Src/main.o
 .debug_aranges
                0x00000000000003f0       0x58 ./Core/Src/stm32f4xx_it.o
 .debug_aranges
                0x0000000000000448       0x28 ./Core/Src/system_stm32f4xx.o
 .debug_aranges
                0x0000000000000470       0x28 ./Core/Startup/startup_stm32f401ccux.o

.debug_rnglists
                0x0000000000000000      0x34b
 .debug_rnglists
                0x0000000000000000       0x25 ./Core/Src/HAL/Comms/Communication.o
 .debug_rnglists
                0x0000000000000025       0x1b ./Core/Src/HAL/KEYPAD/Keypad.o
 .debug_rnglists
                0x0000000000000040       0x3f ./Core/Src/HAL/LCD/LCD.o
 .debug_rnglists
                0x000000000000007f       0x20 ./Core/Src/HAL/Push_Button/PB_Control.o
 .debug_rnglists
                0x000000000000009f       0x13 ./Core/Src/LIB/delay.o
 .debug_rnglists
                0x00000000000000b2       0x6c ./Core/Src/MCAL/MEXTI/MEXTI_Prog.o
 .debug_rnglists
                0x000000000000011e       0x4c ./Core/Src/MCAL/MGPIO/MGPIO_Prog.o
 .debug_rnglists
                0x000000000000016a       0x2c ./Core/Src/MCAL/MNVIC/MNVIC_Prog.o
 .debug_rnglists
                0x0000000000000196       0x21 ./Core/Src/MCAL/MRCC/MRCC_Prog.o
 .debug_rnglists
                0x00000000000001b7       0x6d ./Core/Src/MCAL/MSPI/MSPI_Program.o
 .debug_rnglists
                0x0000000000000224       0x34 ./Core/Src/MCAL/MTIM/MTIM_Program.o
 .debug_rnglists
                0x0000000000000258       0x3e ./Core/Src/MCAL/MUSART/MUSART_Prog.o
 .debug_rnglists
                0x0000000000000296       0x45 ./Core/Src/main.o
 .debug_rnglists
                0x00000000000002db       0x3d ./Core/Src/stm32f4xx_it.o
 .debug_rnglists
                0x0000000000000318       0x1a ./Core/Src/system_stm32f4xx.o
 .debug_rnglists
                0x0000000000000332       0x19 ./Core/Startup/startup_stm32f401ccux.o

.debug_macro    0x0000000000000000     0x1d65
 .debug_macro   0x0000000000000000       0x89 ./Core/Src/HAL/Comms/Communication.o
 .debug_macro   0x0000000000000089       0x9a ./Core/Src/HAL/Comms/Communication.o
 .debug_macro   0x0000000000000123       0x1c ./Core/Src/HAL/Comms/Communication.o
 .debug_macro   0x000000000000013f       0x66 ./Core/Src/HAL/KEYPAD/Keypad.o
 .debug_macro   0x00000000000001a5      0x160 ./Core/Src/HAL/KEYPAD/Keypad.o
 .debug_macro   0x0000000000000305       0x34 ./Core/Src/HAL/KEYPAD/Keypad.o
 .debug_macro   0x0000000000000339      0x179 ./Core/Src/HAL/LCD/LCD.o
 .debug_macro   0x00000000000004b2       0x22 ./Core/Src/HAL/LCD/LCD.o
 .debug_macro   0x00000000000004d4       0x5b ./Core/Src/HAL/LCD/LCD.o
 .debug_macro   0x000000000000052f       0x2a ./Core/Src/HAL/LCD/LCD.o
 .debug_macro   0x0000000000000559       0x94 ./Core/Src/HAL/LCD/LCD.o
 .debug_macro   0x00000000000005ed       0x43 ./Core/Src/HAL/LCD/LCD.o
 .debug_macro   0x0000000000000630       0x34 ./Core/Src/HAL/LCD/LCD.o
 .debug_macro   0x0000000000000664      0x174 ./Core/Src/HAL/LCD/LCD.o
 .debug_macro   0x00000000000007d8       0x16 ./Core/Src/HAL/LCD/LCD.o
 .debug_macro   0x00000000000007ee       0x43 ./Core/Src/HAL/LCD/LCD.o
 .debug_macro   0x0000000000000831       0x57 ./Core/Src/HAL/LCD/LCD.o
 .debug_macro   0x0000000000000888       0x34 ./Core/Src/HAL/LCD/LCD.o
 .debug_macro   0x00000000000008bc       0x10 ./Core/Src/HAL/LCD/LCD.o
 .debug_macro   0x00000000000008cc       0x58 ./Core/Src/HAL/LCD/LCD.o
 .debug_macro   0x0000000000000924       0x8e ./Core/Src/HAL/LCD/LCD.o
 .debug_macro   0x00000000000009b2       0x1c ./Core/Src/HAL/LCD/LCD.o
 .debug_macro   0x00000000000009ce      0x177 ./Core/Src/HAL/LCD/LCD.o
 .debug_macro   0x0000000000000b45      0x369 ./Core/Src/HAL/LCD/LCD.o
 .debug_macro   0x0000000000000eae      0x19b ./Core/Src/HAL/LCD/LCD.o
 .debug_macro   0x0000000000001049       0x16 ./Core/Src/HAL/LCD/LCD.o
 .debug_macro   0x000000000000105f       0x35 ./Core/Src/HAL/LCD/LCD.o
 .debug_macro   0x0000000000001094       0x16 ./Core/Src/HAL/LCD/LCD.o
 .debug_macro   0x00000000000010aa       0x29 ./Core/Src/HAL/LCD/LCD.o
 .debug_macro   0x00000000000010d3       0x76 ./Core/Src/HAL/LCD/LCD.o
 .debug_macro   0x0000000000001149       0x72 ./Core/Src/HAL/Push_Button/PB_Control.o
 .debug_macro   0x00000000000011bb       0xac ./Core/Src/HAL/Push_Button/PB_Control.o
 .debug_macro   0x0000000000001267       0x24 ./Core/Src/LIB/delay.o
 .debug_macro   0x000000000000128b       0x40 ./Core/Src/MCAL/MEXTI/MEXTI_Prog.o
 .debug_macro   0x00000000000012cb       0x16 ./Core/Src/MCAL/MEXTI/MEXTI_Prog.o
 .debug_macro   0x00000000000012e1       0x22 ./Core/Src/MCAL/MEXTI/MEXTI_Prog.o
 .debug_macro   0x0000000000001303       0x40 ./Core/Src/MCAL/MEXTI/MEXTI_Prog.o
 .debug_macro   0x0000000000001343       0x45 ./Core/Src/MCAL/MGPIO/MGPIO_Prog.o
 .debug_macro   0x0000000000001388       0x40 ./Core/Src/MCAL/MNVIC/MNVIC_Prog.o
 .debug_macro   0x00000000000013c8       0x28 ./Core/Src/MCAL/MNVIC/MNVIC_Prog.o
 .debug_macro   0x00000000000013f0       0x3f ./Core/Src/MCAL/MRCC/MRCC_Prog.o
 .debug_macro   0x000000000000142f       0x4c ./Core/Src/MCAL/MRCC/MRCC_Prog.o
 .debug_macro   0x000000000000147b       0x28 ./Core/Src/MCAL/MRCC/MRCC_Prog.o
 .debug_macro   0x00000000000014a3       0x44 ./Core/Src/MCAL/MSPI/MSPI_Program.o
 .debug_macro   0x00000000000014e7       0xca ./Core/Src/MCAL/MSPI/MSPI_Program.o
 .debug_macro   0x00000000000015b1       0x3a ./Core/Src/MCAL/MSPI/MSPI_Program.o
 .debug_macro   0x00000000000015eb       0x4f ./Core/Src/MCAL/MTIM/MTIM_Program.o
 .debug_macro   0x000000000000163a       0xc4 ./Core/Src/MCAL/MTIM/MTIM_Program.o
 .debug_macro   0x00000000000016fe       0x52 ./Core/Src/MCAL/MTIM/MTIM_Program.o
 .debug_macro   0x0000000000001750       0x2e ./Core/Src/MCAL/MTIM/MTIM_Program.o
 .debug_macro   0x000000000000177e       0x40 ./Core/Src/MCAL/MUSART/MUSART_Prog.o
 .debug_macro   0x00000000000017be       0x34 ./Core/Src/MCAL/MUSART/MUSART_Prog.o
 .debug_macro   0x00000000000017f2      0x1ff ./Core/Src/main.o
 .debug_macro   0x00000000000019f1      0x1c4 ./Core/Src/stm32f4xx_it.o
 .debug_macro   0x0000000000001bb5      0x1b0 ./Core/Src/system_stm32f4xx.o

.debug_line     0x0000000000000000     0x4053
 .debug_line    0x0000000000000000      0x2c9 ./Core/Src/HAL/Comms/Communication.o
 .debug_line    0x00000000000002c9      0x26f ./Core/Src/HAL/KEYPAD/Keypad.o
 .debug_line    0x0000000000000538      0x7f4 ./Core/Src/HAL/LCD/LCD.o
 .debug_line    0x0000000000000d2c      0x2c4 ./Core/Src/HAL/Push_Button/PB_Control.o
 .debug_line    0x0000000000000ff0       0xa3 ./Core/Src/LIB/delay.o
 .debug_line    0x0000000000001093      0x405 ./Core/Src/MCAL/MEXTI/MEXTI_Prog.o
 .debug_line    0x0000000000001498      0x637 ./Core/Src/MCAL/MGPIO/MGPIO_Prog.o
 .debug_line    0x0000000000001acf      0x193 ./Core/Src/MCAL/MNVIC/MNVIC_Prog.o
 .debug_line    0x0000000000001c62      0x10f ./Core/Src/MCAL/MRCC/MRCC_Prog.o
 .debug_line    0x0000000000001d71      0x2fe ./Core/Src/MCAL/MSPI/MSPI_Program.o
 .debug_line    0x000000000000206f      0x283 ./Core/Src/MCAL/MTIM/MTIM_Program.o
 .debug_line    0x00000000000022f2      0x211 ./Core/Src/MCAL/MUSART/MUSART_Prog.o
 .debug_line    0x0000000000002503      0xbaf ./Core/Src/main.o
 .debug_line    0x00000000000030b2      0x7a8 ./Core/Src/stm32f4xx_it.o
 .debug_line    0x000000000000385a      0x77f ./Core/Src/system_stm32f4xx.o
 .debug_line    0x0000000000003fd9       0x7a ./Core/Startup/startup_stm32f401ccux.o

.debug_str      0x0000000000000000    0x84192
 .debug_str     0x0000000000000000     0x4724 ./Core/Src/HAL/Comms/Communication.o
                                       0x47d7 (size before relaxing)
 .debug_str     0x0000000000004724      0x189 ./Core/Src/HAL/KEYPAD/Keypad.o
                                       0x4552 (size before relaxing)
 .debug_str     0x00000000000048ad     0x42b5 ./Core/Src/HAL/LCD/LCD.o
                                       0x873a (size before relaxing)
 .debug_str     0x0000000000008b62      0x304 ./Core/Src/HAL/Push_Button/PB_Control.o
                                       0x4873 (size before relaxing)
 .debug_str     0x0000000000008e66       0x1d ./Core/Src/LIB/delay.o
                                       0x2e5b (size before relaxing)
 .debug_str     0x0000000000008e83      0x384 ./Core/Src/MCAL/MEXTI/MEXTI_Prog.o
                                       0x3484 (size before relaxing)
 .debug_str     0x0000000000009207      0x15a ./Core/Src/MCAL/MGPIO/MGPIO_Prog.o
                                       0x438a (size before relaxing)
 .debug_str     0x0000000000009361      0x1d4 ./Core/Src/MCAL/MNVIC/MNVIC_Prog.o
                                       0x3162 (size before relaxing)
 .debug_str     0x0000000000009535      0x273 ./Core/Src/MCAL/MRCC/MRCC_Prog.o
                                       0x3375 (size before relaxing)
 .debug_str     0x00000000000097a8      0x71b ./Core/Src/MCAL/MSPI/MSPI_Program.o
                                       0x37a9 (size before relaxing)
 .debug_str     0x0000000000009ec3      0x4b0 ./Core/Src/MCAL/MTIM/MTIM_Program.o
                                       0x35c5 (size before relaxing)
 .debug_str     0x000000000000a373      0x24b ./Core/Src/MCAL/MUSART/MUSART_Prog.o
                                       0x31b6 (size before relaxing)
 .debug_str     0x000000000000a5be       0xb0 ./Core/Src/main.o
                                       0x8a84 (size before relaxing)
 .debug_str     0x000000000000a66e    0x7999d ./Core/Src/stm32f4xx_it.o
                                      0x7cfad (size before relaxing)
 .debug_str     0x000000000008400b      0x153 ./Core/Src/system_stm32f4xx.o
                                      0x7d105 (size before relaxing)
 .debug_str     0x000000000008415e       0x34 ./Core/Startup/startup_stm32f401ccux.o
                                         0x4a (size before relaxing)

.debug_frame    0x0000000000000000      0xef0
 .debug_frame   0x0000000000000000       0xa0 ./Core/Src/HAL/Comms/Communication.o
 .debug_frame   0x00000000000000a0       0x5c ./Core/Src/HAL/KEYPAD/Keypad.o
 .debug_frame   0x00000000000000fc      0x120 ./Core/Src/HAL/LCD/LCD.o
 .debug_frame   0x000000000000021c       0x80 ./Core/Src/HAL/Push_Button/PB_Control.o
 .debug_frame   0x000000000000029c       0x38 ./Core/Src/LIB/delay.o
 .debug_frame   0x00000000000002d4      0x214 ./Core/Src/MCAL/MEXTI/MEXTI_Prog.o
 .debug_frame   0x00000000000004e8      0x178 ./Core/Src/MCAL/MGPIO/MGPIO_Prog.o
 .debug_frame   0x0000000000000660       0xd8 ./Core/Src/MCAL/MNVIC/MNVIC_Prog.o
 .debug_frame   0x0000000000000738       0x80 ./Core/Src/MCAL/MRCC/MRCC_Prog.o
 .debug_frame   0x00000000000007b8      0x240 ./Core/Src/MCAL/MSPI/MSPI_Program.o
 .debug_frame   0x00000000000009f8       0xf0 ./Core/Src/MCAL/MTIM/MTIM_Program.o
 .debug_frame   0x0000000000000ae8      0x134 ./Core/Src/MCAL/MUSART/MUSART_Prog.o
 .debug_frame   0x0000000000000c1c       0xe8 ./Core/Src/main.o
 .debug_frame   0x0000000000000d04       0xe8 ./Core/Src/stm32f4xx_it.o
 .debug_frame   0x0000000000000dec       0x58 ./Core/Src/system_stm32f4xx.o
 .debug_frame   0x0000000000000e44       0x38 C:/ST/STM32CubeIDE_1.13.1/STM32CubeIDE/plugins/com.st.stm32cube.ide.mcu.externaltools.gnu-tools-for-stm32.11.3.rel1.win32_1.1.0.202305231506/tools/bin/../lib/gcc/arm-none-eabi/11.3.1/../../../../arm-none-eabi/lib/thumb/v7e-m+fp/hard\libc_nano.a(libc_a-itoa.o)
 .debug_frame   0x0000000000000e7c       0x48 C:/ST/STM32CubeIDE_1.13.1/STM32CubeIDE/plugins/com.st.stm32cube.ide.mcu.externaltools.gnu-tools-for-stm32.11.3.rel1.win32_1.1.0.202305231506/tools/bin/../lib/gcc/arm-none-eabi/11.3.1/../../../../arm-none-eabi/lib/thumb/v7e-m+fp/hard\libc_nano.a(libc_a-utoa.o)
 .debug_frame   0x0000000000000ec4       0x2c C:/ST/STM32CubeIDE_1.13.1/STM32CubeIDE/plugins/com.st.stm32cube.ide.mcu.externaltools.gnu-tools-for-stm32.11.3.rel1.win32_1.1.0.202305231506/tools/bin/../lib/gcc/arm-none-eabi/11.3.1/../../../../arm-none-eabi/lib/thumb/v7e-m+fp/hard\libc_nano.a(libc_a-init.o)

.debug_line_str
                0x0000000000000000       0x3e
 .debug_line_str
                0x0000000000000000       0x3e ./Core/Startup/startup_stm32f401ccux.o
                                         0x56 (size before relaxing)
